14:20:17 **** Build of project test_bsp ****
make -k all 
Running Make include in microblaze_0/libsrc/bram_v4_1/src
make -C microblaze_0/libsrc/bram_v4_1/src -s include  "SHELL=/bin/sh" "COMPILER=mb-gcc" "ARCHIVER=mb-ar" "COMPILER_FLAGS= -O2 -c -mcpu=v10.0 -mlittle-endian -mxl-soft-mul" "EXTRA_COMPILER_FLAGS=-g"
Running Make include in microblaze_0/libsrc/cpu_v2_5/src
make -C microblaze_0/libsrc/cpu_v2_5/src -s include  "SHELL=/bin/sh" "COMPILER=mb-gcc" "ARCHIVER=mb-ar" "COMPILER_FLAGS= -O2 -c -mcpu=v10.0 -mlittle-endian -mxl-soft-mul" "EXTRA_COMPILER_FLAGS=-g"
Running Make include in microblaze_0/libsrc/iic_v3_3/src
make -C microblaze_0/libsrc/iic_v3_3/src -s include  "SHELL=/bin/sh" "COMPILER=mb-gcc" "ARCHIVER=mb-ar" "COMPILER_FLAGS= -O2 -c -mcpu=v10.0 -mlittle-endian -mxl-soft-mul" "EXTRA_COMPILER_FLAGS=-g"
Running Make include in microblaze_0/libsrc/intc_v3_5/src
make -C microblaze_0/libsrc/intc_v3_5/src -s include  "SHELL=/bin/sh" "COMPILER=mb-gcc" "ARCHIVER=mb-ar" "COMPILER_FLAGS= -O2 -c -mcpu=v10.0 -mlittle-endian -mxl-soft-mul" "EXTRA_COMPILER_FLAGS=-g"
Running Make include in microblaze_0/libsrc/standalone_v6_0/src
make -C microblaze_0/libsrc/standalone_v6_0/src -s include  "SHELL=/bin/sh" "COMPILER=mb-gcc" "ARCHIVER=mb-ar" "COMPILER_FLAGS= -O2 -c -mcpu=v10.0 -mlittle-endian -mxl-soft-mul" "EXTRA_COMPILER_FLAGS=-g"
Running Make include in microblaze_0/libsrc/uartlite_v3_2/src
make -C microblaze_0/libsrc/uartlite_v3_2/src -s include  "SHELL=/bin/sh" "COMPILER=mb-gcc" "ARCHIVER=mb-ar" "COMPILER_FLAGS= -O2 -c -mcpu=v10.0 -mlittle-endian -mxl-soft-mul" "EXTRA_COMPILER_FLAGS=-g"
Running Make libs in microblaze_0/libsrc/bram_v4_1/src
make -C microblaze_0/libsrc/bram_v4_1/src -s libs  "SHELL=/bin/sh" "COMPILER=mb-gcc" "ARCHIVER=mb-ar" "COMPILER_FLAGS= -O2 -c -mcpu=v10.0 -mlittle-endian -mxl-soft-mul" "EXTRA_COMPILER_FLAGS=-g"
Compiling bram
mb-ar: creating ../../../lib/libxil.a
Running Make libs in microblaze_0/libsrc/cpu_v2_5/src
make -C microblaze_0/libsrc/cpu_v2_5/src -s libs  "SHELL=/bin/sh" "COMPILER=mb-gcc" "ARCHIVER=mb-ar" "COMPILER_FLAGS= -O2 -c -mcpu=v10.0 -mlittle-endian -mxl-soft-mul" "EXTRA_COMPILER_FLAGS=-g"
Compiling cpu
Running Make libs in microblaze_0/libsrc/iic_v3_3/src
make -C microblaze_0/libsrc/iic_v3_3/src -s libs  "SHELL=/bin/sh" "COMPILER=mb-gcc" "ARCHIVER=mb-ar" "COMPILER_FLAGS= -O2 -c -mcpu=v10.0 -mlittle-endian -mxl-soft-mul" "EXTRA_COMPILER_FLAGS=-g"
Compiling iic
Running Make libs in microblaze_0/libsrc/intc_v3_5/src
make -C microblaze_0/libsrc/intc_v3_5/src -s libs  "SHELL=/bin/sh" "COMPILER=mb-gcc" "ARCHIVER=mb-ar" "COMPILER_FLAGS= -O2 -c -mcpu=v10.0 -mlittle-endian -mxl-soft-mul" "EXTRA_COMPILER_FLAGS=-g"
Compiling intc
Running Make libs in microblaze_0/libsrc/standalone_v6_0/src
make -C microblaze_0/libsrc/standalone_v6_0/src -s libs  "SHELL=/bin/sh" "COMPILER=mb-gcc" "ARCHIVER=mb-ar" "COMPILER_FLAGS= -O2 -c -mcpu=v10.0 -mlittle-endian -mxl-soft-mul" "EXTRA_COMPILER_FLAGS=-g"
Compiling standalone
Running Make libs in microblaze_0/libsrc/uartlite_v3_2/src
make -C microblaze_0/libsrc/uartlite_v3_2/src -s libs  "SHELL=/bin/sh" "COMPILER=mb-gcc" "ARCHIVER=mb-ar" "COMPILER_FLAGS= -O2 -c -mcpu=v10.0 -mlittle-endian -mxl-soft-mul" "EXTRA_COMPILER_FLAGS=-g"
Compiling uartlite
Finished building libraries
14:20:22 **** Build of configuration Debug for project test ****
make all 
Building file: ../src/helloworld.c
Invoking: MicroBlaze gcc compiler
mb-gcc -Wall -O0 -g3 -c -fmessage-length=0 -MT"src/helloworld.o" -I../../test_bsp/microblaze_0/include -mlittle-endian -mcpu=v10.0 -mxl-soft-mul -Wl,--no-relax -MMD -MP -MF"src/helloworld.d" -MT"src/helloworld.o" -o "src/helloworld.o" "../src/helloworld.c"
Finished building: ../src/helloworld.c
 
Building file: ../src/platform.c
Invoking: MicroBlaze gcc compiler
mb-gcc -Wall -O0 -g3 -c -fmessage-length=0 -MT"src/platform.o" -I../../test_bsp/microblaze_0/include -mlittle-endian -mcpu=v10.0 -mxl-soft-mul -Wl,--no-relax -MMD -MP -MF"src/platform.d" -MT"src/platform.o" -o "src/platform.o" "../src/platform.c"
Finished building: ../src/platform.c
 
Building target: test.elf
Invoking: MicroBlaze gcc linker
mb-gcc -Wl,-T -Wl,../src/lscript.ld -L../../test_bsp/microblaze_0/lib -mlittle-endian -mcpu=v10.0 -mxl-soft-mul -Wl,--no-relax -o "test.elf"  ./src/helloworld.o ./src/platform.o   -Wl,--start-group,-lxil,-lgcc,-lc,--end-group
Finished building target: test.elf
 
Invoking: MicroBlaze Print Size
mb-size test.elf  |tee "test.elf.size"
   text	   data	    bss	    dec	    hex	filename
   7120	    340	   3252	  10712	   29d8	test.elf
Finished building: test.elf.size
 
14:20:26 **** Incremental Build of configuration Debug for project test ****
make all 
make: Nothing to be done for `all'.
14:20:48 **** Build of project iicTest_bsp ****
make -k all 
Running Make include in microblaze_0/libsrc/bram_v4_1/src
make -C microblaze_0/libsrc/bram_v4_1/src -s include  "SHELL=/bin/sh" "COMPILER=mb-gcc" "ARCHIVER=mb-ar" "COMPILER_FLAGS= -O2 -c -mcpu=v10.0 -mlittle-endian -mxl-soft-mul" "EXTRA_COMPILER_FLAGS=-g"
Running Make include in microblaze_0/libsrc/cpu_v2_5/src
make -C microblaze_0/libsrc/cpu_v2_5/src -s include  "SHELL=/bin/sh" "COMPILER=mb-gcc" "ARCHIVER=mb-ar" "COMPILER_FLAGS= -O2 -c -mcpu=v10.0 -mlittle-endian -mxl-soft-mul" "EXTRA_COMPILER_FLAGS=-g"
Running Make include in microblaze_0/libsrc/iic_v3_3/src
make -C microblaze_0/libsrc/iic_v3_3/src -s include  "SHELL=/bin/sh" "COMPILER=mb-gcc" "ARCHIVER=mb-ar" "COMPILER_FLAGS= -O2 -c -mcpu=v10.0 -mlittle-endian -mxl-soft-mul" "EXTRA_COMPILER_FLAGS=-g"
Running Make include in microblaze_0/libsrc/intc_v3_5/src
make -C microblaze_0/libsrc/intc_v3_5/src -s include  "SHELL=/bin/sh" "COMPILER=mb-gcc" "ARCHIVER=mb-ar" "COMPILER_FLAGS= -O2 -c -mcpu=v10.0 -mlittle-endian -mxl-soft-mul" "EXTRA_COMPILER_FLAGS=-g"
Running Make include in microblaze_0/libsrc/standalone_v6_0/src
make -C microblaze_0/libsrc/standalone_v6_0/src -s include  "SHELL=/bin/sh" "COMPILER=mb-gcc" "ARCHIVER=mb-ar" "COMPILER_FLAGS= -O2 -c -mcpu=v10.0 -mlittle-endian -mxl-soft-mul" "EXTRA_COMPILER_FLAGS=-g"
Running Make include in microblaze_0/libsrc/uartlite_v3_2/src
make -C microblaze_0/libsrc/uartlite_v3_2/src -s include  "SHELL=/bin/sh" "COMPILER=mb-gcc" "ARCHIVER=mb-ar" "COMPILER_FLAGS= -O2 -c -mcpu=v10.0 -mlittle-endian -mxl-soft-mul" "EXTRA_COMPILER_FLAGS=-g"
Running Make libs in microblaze_0/libsrc/bram_v4_1/src
make -C microblaze_0/libsrc/bram_v4_1/src -s libs  "SHELL=/bin/sh" "COMPILER=mb-gcc" "ARCHIVER=mb-ar" "COMPILER_FLAGS= -O2 -c -mcpu=v10.0 -mlittle-endian -mxl-soft-mul" "EXTRA_COMPILER_FLAGS=-g"
Compiling bram
mb-ar: creating ../../../lib/libxil.a
Running Make libs in microblaze_0/libsrc/cpu_v2_5/src
make -C microblaze_0/libsrc/cpu_v2_5/src -s libs  "SHELL=/bin/sh" "COMPILER=mb-gcc" "ARCHIVER=mb-ar" "COMPILER_FLAGS= -O2 -c -mcpu=v10.0 -mlittle-endian -mxl-soft-mul" "EXTRA_COMPILER_FLAGS=-g"
Compiling cpu
Running Make libs in microblaze_0/libsrc/iic_v3_3/src
make -C microblaze_0/libsrc/iic_v3_3/src -s libs  "SHELL=/bin/sh" "COMPILER=mb-gcc" "ARCHIVER=mb-ar" "COMPILER_FLAGS= -O2 -c -mcpu=v10.0 -mlittle-endian -mxl-soft-mul" "EXTRA_COMPILER_FLAGS=-g"
Compiling iic
Running Make libs in microblaze_0/libsrc/intc_v3_5/src
make -C microblaze_0/libsrc/intc_v3_5/src -s libs  "SHELL=/bin/sh" "COMPILER=mb-gcc" "ARCHIVER=mb-ar" "COMPILER_FLAGS= -O2 -c -mcpu=v10.0 -mlittle-endian -mxl-soft-mul" "EXTRA_COMPILER_FLAGS=-g"
Compiling intc
Running Make libs in microblaze_0/libsrc/standalone_v6_0/src
make -C microblaze_0/libsrc/standalone_v6_0/src -s libs  "SHELL=/bin/sh" "COMPILER=mb-gcc" "ARCHIVER=mb-ar" "COMPILER_FLAGS= -O2 -c -mcpu=v10.0 -mlittle-endian -mxl-soft-mul" "EXTRA_COMPILER_FLAGS=-g"
Compiling standalone
Running Make libs in microblaze_0/libsrc/uartlite_v3_2/src
make -C microblaze_0/libsrc/uartlite_v3_2/src -s libs  "SHELL=/bin/sh" "COMPILER=mb-gcc" "ARCHIVER=mb-ar" "COMPILER_FLAGS= -O2 -c -mcpu=v10.0 -mlittle-endian -mxl-soft-mul" "EXTRA_COMPILER_FLAGS=-g"
Compiling uartlite
Finished building libraries

**** Build of configuration Debug for project iicTest ****

Nothing to build for project iicTest
14:21:09 **** Auto Build of configuration Debug for project iicTest ****
make all 
Building file: ../src/platform.c
Invoking: MicroBlaze gcc compiler
mb-gcc -Wall -O0 -g3 -c -fmessage-length=0 -MT"src/platform.o" -I../../iicTest_bsp/microblaze_0/include -mlittle-endian -mcpu=v10.0 -mxl-soft-mul -Wl,--no-relax -MMD -MP -MF"src/platform.d" -MT"src/platform.o" -o "src/platform.o" "../src/platform.c"
Finished building: ../src/platform.c
 
Building target: iicTest.elf
Invoking: MicroBlaze gcc linker
mb-gcc -Wl,-T -Wl,../src/lscript.ld -L../../iicTest_bsp/microblaze_0/lib -mlittle-endian -mcpu=v10.0 -mxl-soft-mul -Wl,--no-relax -o "iicTest.elf"  ./src/platform.o   -Wl,--start-group,-lxil,-lgcc,-lc,--end-group
/opt/Xilinx/SDK/2016.3/gnu/microblaze/lin/bin/../lib/gcc/microblaze-xilinx-elf/5.2.0/../../../../microblaze-xilinx-elf/lib/le/crtinit.o: In function `_crtinit':
(.text+0x78): undefined reference to `main'
collect2: error: ld returned 1 exit status
make: *** [iicTest.elf] Error 1
14:21:29 **** Auto Build of configuration Debug for project iicTest ****
make all 
Building file: ../src/iicTest.c
Invoking: MicroBlaze gcc compiler
mb-gcc -Wall -O0 -g3 -c -fmessage-length=0 -MT"src/iicTest.o" -I../../iicTest_bsp/microblaze_0/include -mlittle-endian -mcpu=v10.0 -mxl-soft-mul -Wl,--no-relax -MMD -MP -MF"src/iicTest.d" -MT"src/iicTest.o" -o "src/iicTest.o" "../src/iicTest.c"
Finished building: ../src/iicTest.c
 
Building target: iicTest.elf
Invoking: MicroBlaze gcc linker
mb-gcc -Wl,-T -Wl,../src/lscript.ld -L../../iicTest_bsp/microblaze_0/lib -mlittle-endian -mcpu=v10.0 -mxl-soft-mul -Wl,--no-relax -o "iicTest.elf"  ./src/iicTest.o ./src/platform.o   -Wl,--start-group,-lxil,-lgcc,-lc,--end-group
/opt/Xilinx/SDK/2016.3/gnu/microblaze/lin/bin/../lib/gcc/microblaze-xilinx-elf/5.2.0/../../../../microblaze-xilinx-elf/lib/le/crtinit.o: In function `_crtinit':
(.text+0x78): undefined reference to `main'
collect2: error: ld returned 1 exit status
make: *** [iicTest.elf] Error 1
14:21:43 **** Auto Build of configuration Debug for project iicTest ****
make all 
Building file: ../src/iicTest.c
Invoking: MicroBlaze gcc compiler
mb-gcc -Wall -O0 -g3 -c -fmessage-length=0 -MT"src/iicTest.o" -I../../iicTest_bsp/microblaze_0/include -mlittle-endian -mcpu=v10.0 -mxl-soft-mul -Wl,--no-relax -MMD -MP -MF"src/iicTest.d" -MT"src/iicTest.o" -o "src/iicTest.o" "../src/iicTest.c"
../src/iicTest.c: In function 'main':
../src/iicTest.c:94:2: warning: implicit declaration of function 'IicConfig' [-Wimplicit-function-declaration]
  IicConfig(IIC_DEVICE_ID, 0x02);
  ^
../src/iicTest.c: At top level:
../src/iicTest.c:144:6: warning: conflicting types for 'IicConfig'
 void IicConfig(u16 DeviceId, u8 slaveAddress)
      ^
../src/iicTest.c:94:2: note: previous implicit declaration of 'IicConfig' was here
  IicConfig(IIC_DEVICE_ID, 0x02);
  ^
In file included from ../../iicTest_bsp/microblaze_0/include/xiic.h:318:0,
                 from ../src/iicTest.c:27:
../src/iicTest.c: In function 'IicConfig':
../../iicTest_bsp/microblaze_0/include/xstatus.h:60:41: warning: 'return' with a value, in function returning void
 #define XST_FAILURE                     1L
                                         ^
../src/iicTest.c:155:10: note: in expansion of macro 'XST_FAILURE'
   return XST_FAILURE;
          ^
../../iicTest_bsp/microblaze_0/include/xstatus.h:60:41: warning: 'return' with a value, in function returning void
 #define XST_FAILURE                     1L
                                         ^
../src/iicTest.c:160:10: note: in expansion of macro 'XST_FAILURE'
   return XST_FAILURE;
          ^
../../iicTest_bsp/microblaze_0/include/xstatus.h:60:41: warning: 'return' with a value, in function returning void
 #define XST_FAILURE                     1L
                                         ^
../src/iicTest.c:165:10: note: in expansion of macro 'XST_FAILURE'
   return XST_FAILURE;
          ^
../src/iicTest.c:169:10: warning: passing argument 1 of 'print' makes pointer from integer without a cast [-Wint-conversion]
    print(MsgBuf[0]);
          ^
In file included from ../../iicTest_bsp/microblaze_0/include/xil_io.h:63:0,
                 from ../../iicTest_bsp/microblaze_0/include/xiic_l.h:101,
                 from ../../iicTest_bsp/microblaze_0/include/xiic.h:319,
                 from ../src/iicTest.c:27:
../../iicTest_bsp/microblaze_0/include/xil_printf.h:36:6: note: expected 'const char8 * {aka const char *}' but argument is of type 'u8 {aka unsigned char}'
 void print( const char8 *ptr);
      ^
Finished building: ../src/iicTest.c
 
Building target: iicTest.elf
Invoking: MicroBlaze gcc linker
mb-gcc -Wl,-T -Wl,../src/lscript.ld -L../../iicTest_bsp/microblaze_0/lib -mlittle-endian -mcpu=v10.0 -mxl-soft-mul -Wl,--no-relax -o "iicTest.elf"  ./src/iicTest.o ./src/platform.o   -Wl,--start-group,-lxil,-lgcc,-lc,--end-group
Finished building target: iicTest.elf
 
Invoking: MicroBlaze Print Size
mb-size iicTest.elf  |tee "iicTest.elf.size"
   text	   data	    bss	    dec	    hex	filename
  13948	    388	   3352	  17688	   4518	iicTest.elf
Finished building: iicTest.elf.size
 
14:22:09 **** Incremental Build of configuration Debug for project iicTest ****
make all 
make: Nothing to be done for `all'.
14:22:42 **** Incremental Build of configuration Debug for project iicTest ****
make all 
make: Nothing to be done for `all'.
14:41:23 **** Auto Build of configuration Debug for project iicTest ****
make all 
Building file: ../src/iicTest.c
Invoking: MicroBlaze gcc compiler
mb-gcc -Wall -O0 -g3 -c -fmessage-length=0 -MT"src/iicTest.o" -I../../iicTest_bsp/microblaze_0/include -mlittle-endian -mcpu=v10.0 -mxl-soft-mul -Wl,--no-relax -MMD -MP -MF"src/iicTest.d" -MT"src/iicTest.o" -o "src/iicTest.o" "../src/iicTest.c"
Finished building: ../src/iicTest.c
 
Building target: iicTest.elf
Invoking: MicroBlaze gcc linker
mb-gcc -Wl,-T -Wl,../src/lscript.ld -L../../iicTest_bsp/microblaze_0/lib -mlittle-endian -mcpu=v10.0 -mxl-soft-mul -Wl,--no-relax -o "iicTest.elf"  ./src/iicTest.o ./src/platform.o   -Wl,--start-group,-lxil,-lgcc,-lc,--end-group
Finished building target: iicTest.elf
 
Invoking: MicroBlaze Print Size
mb-size iicTest.elf  |tee "iicTest.elf.size"
   text	   data	    bss	    dec	    hex	filename
  16144	    388	   3428	  19960	   4df8	iicTest.elf
Finished building: iicTest.elf.size
 
14:41:36 **** Incremental Build of configuration Debug for project iicTest ****
make all 
make: Nothing to be done for `all'.
14:46:31 **** Auto Build of configuration Debug for project iicTest ****
make all 
Building file: ../src/iicTest.c
Invoking: MicroBlaze gcc compiler
mb-gcc -Wall -O0 -g3 -c -fmessage-length=0 -MT"src/iicTest.o" -I../../iicTest_bsp/microblaze_0/include -mlittle-endian -mcpu=v10.0 -mxl-soft-mul -Wl,--no-relax -MMD -MP -MF"src/iicTest.d" -MT"src/iicTest.o" -o "src/iicTest.o" "../src/iicTest.c"
../src/iicTest.c: In function 'WriteData':
../src/iicTest.c:251:6: warning: variable 'BusBusy' set but not used [-Wunused-but-set-variable]
  int BusBusy;
      ^
../src/iicTest.c: In function 'ReadData':
../src/iicTest.c:335:6: warning: variable 'BusBusy' set but not used [-Wunused-but-set-variable]
  int BusBusy;
      ^
Finished building: ../src/iicTest.c
 
Building target: iicTest.elf
Invoking: MicroBlaze gcc linker
mb-gcc -Wl,-T -Wl,../src/lscript.ld -L../../iicTest_bsp/microblaze_0/lib -mlittle-endian -mcpu=v10.0 -mxl-soft-mul -Wl,--no-relax -o "iicTest.elf"  ./src/iicTest.o ./src/platform.o   -Wl,--start-group,-lxil,-lgcc,-lc,--end-group
Finished building target: iicTest.elf
 
Invoking: MicroBlaze Print Size
mb-size iicTest.elf  |tee "iicTest.elf.size"
   text	   data	    bss	    dec	    hex	filename
  16980	    388	   3408	  20776	   5128	iicTest.elf
Finished building: iicTest.elf.size
 
14:46:46 **** Incremental Build of configuration Debug for project iicTest ****
make all 
make: Nothing to be done for `all'.
14:47:35 **** Auto Build of configuration Debug for project iicTest ****
make all 
Building file: ../src/iicTest.c
Invoking: MicroBlaze gcc compiler
mb-gcc -Wall -O0 -g3 -c -fmessage-length=0 -MT"src/iicTest.o" -I../../iicTest_bsp/microblaze_0/include -mlittle-endian -mcpu=v10.0 -mxl-soft-mul -Wl,--no-relax -MMD -MP -MF"src/iicTest.d" -MT"src/iicTest.o" -o "src/iicTest.o" "../src/iicTest.c"
../src/iicTest.c: In function 'WriteData':
../src/iicTest.c:254:6: warning: variable 'BusBusy' set but not used [-Wunused-but-set-variable]
  int BusBusy;
      ^
../src/iicTest.c: In function 'ReadData':
../src/iicTest.c:338:6: warning: variable 'BusBusy' set but not used [-Wunused-but-set-variable]
  int BusBusy;
      ^
Finished building: ../src/iicTest.c
 
Building target: iicTest.elf
Invoking: MicroBlaze gcc linker
mb-gcc -Wl,-T -Wl,../src/lscript.ld -L../../iicTest_bsp/microblaze_0/lib -mlittle-endian -mcpu=v10.0 -mxl-soft-mul -Wl,--no-relax -o "iicTest.elf"  ./src/iicTest.o ./src/platform.o   -Wl,--start-group,-lxil,-lgcc,-lc,--end-group
Finished building target: iicTest.elf
 
Invoking: MicroBlaze Print Size
mb-size iicTest.elf  |tee "iicTest.elf.size"
   text	   data	    bss	    dec	    hex	filename
  16972	    388	   3408	  20768	   5120	iicTest.elf
Finished building: iicTest.elf.size
 
14:47:43 **** Incremental Build of configuration Debug for project iicTest ****
make all 
make: Nothing to be done for `all'.
14:48:54 **** Incremental Build of configuration Debug for project iicTest ****
make all 
make: Nothing to be done for `all'.
14:49:40 **** Auto Build of configuration Debug for project iicTest ****
make all 
Building file: ../src/iicTest.c
Invoking: MicroBlaze gcc compiler
mb-gcc -Wall -O0 -g3 -c -fmessage-length=0 -MT"src/iicTest.o" -I../../iicTest_bsp/microblaze_0/include -mlittle-endian -mcpu=v10.0 -mxl-soft-mul -Wl,--no-relax -MMD -MP -MF"src/iicTest.d" -MT"src/iicTest.o" -o "src/iicTest.o" "../src/iicTest.c"
../src/iicTest.c: In function 'WriteData':
../src/iicTest.c:254:6: warning: variable 'BusBusy' set but not used [-Wunused-but-set-variable]
  int BusBusy;
      ^
../src/iicTest.c: In function 'ReadData':
../src/iicTest.c:338:6: warning: variable 'BusBusy' set but not used [-Wunused-but-set-variable]
  int BusBusy;
      ^
Finished building: ../src/iicTest.c
 
Building target: iicTest.elf
Invoking: MicroBlaze gcc linker
mb-gcc -Wl,-T -Wl,../src/lscript.ld -L../../iicTest_bsp/microblaze_0/lib -mlittle-endian -mcpu=v10.0 -mxl-soft-mul -Wl,--no-relax -o "iicTest.elf"  ./src/iicTest.o ./src/platform.o   -Wl,--start-group,-lxil,-lgcc,-lc,--end-group
Finished building target: iicTest.elf
 
Invoking: MicroBlaze Print Size
mb-size iicTest.elf  |tee "iicTest.elf.size"
   text	   data	    bss	    dec	    hex	filename
  16940	    388	   3408	  20736	   5100	iicTest.elf
Finished building: iicTest.elf.size
 
14:49:45 **** Incremental Build of configuration Debug for project iicTest ****
make all 
make: Nothing to be done for `all'.
14:50:33 **** Incremental Build of configuration Debug for project iicTest ****
make all 
Building file: ../src/iicTest.c
Invoking: MicroBlaze gcc compiler
mb-gcc -Wall -O0 -g3 -c -fmessage-length=0 -MT"src/iicTest.o" -I../../iicTest_bsp/microblaze_0/include -mlittle-endian -mcpu=v10.0 -mxl-soft-mul -Wl,--no-relax -MMD -MP -MF"src/iicTest.d" -MT"src/iicTest.o" -o "src/iicTest.o" "../src/iicTest.c"
../src/iicTest.c: In function 'WriteData':
../src/iicTest.c:254:6: warning: variable 'BusBusy' set but not used [-Wunused-but-set-variable]
  int BusBusy;
      ^
../src/iicTest.c: In function 'ReadData':
../src/iicTest.c:338:6: warning: variable 'BusBusy' set but not used [-Wunused-but-set-variable]
  int BusBusy;
      ^
Finished building: ../src/iicTest.c
 
Building target: iicTest.elf
Invoking: MicroBlaze gcc linker
mb-gcc -Wl,-T -Wl,../src/lscript.ld -L../../iicTest_bsp/microblaze_0/lib -mlittle-endian -mcpu=v10.0 -mxl-soft-mul -Wl,--no-relax -o "iicTest.elf"  ./src/iicTest.o ./src/platform.o   -Wl,--start-group,-lxil,-lgcc,-lc,--end-group
Finished building target: iicTest.elf
 
Invoking: MicroBlaze Print Size
mb-size iicTest.elf  |tee "iicTest.elf.size"
   text	   data	    bss	    dec	    hex	filename
  16972	    388	   3408	  20768	   5120	iicTest.elf
Finished building: iicTest.elf.size
 
14:51:14 **** Incremental Build of configuration Debug for project iicTest ****
make all 
make: Nothing to be done for `all'.
15:22:15 **** Incremental Build of configuration Debug for project iicTest ****
make all 
make: Nothing to be done for `all'.
15:23:05 **** Incremental Build of configuration Debug for project iicTest ****
make all 
make: Nothing to be done for `all'.
15:24:27 **** Incremental Build of configuration Debug for project iicTest ****
make all 
make: Nothing to be done for `all'.
15:25:13 **** Incremental Build of configuration Debug for project iicTest ****
make all 
make: Nothing to be done for `all'.
15:26:05 **** Auto Build of configuration Debug for project iicTest ****
make all 
Building file: ../src/iicTest.c
Invoking: MicroBlaze gcc compiler
mb-gcc -Wall -O0 -g3 -c -fmessage-length=0 -MT"src/iicTest.o" -I../../iicTest_bsp/microblaze_0/include -mlittle-endian -mcpu=v10.0 -mxl-soft-mul -Wl,--no-relax -MMD -MP -MF"src/iicTest.d" -MT"src/iicTest.o" -o "src/iicTest.o" "../src/iicTest.c"
../src/iicTest.c: In function 'WriteData':
../src/iicTest.c:254:6: warning: variable 'BusBusy' set but not used [-Wunused-but-set-variable]
  int BusBusy;
      ^
../src/iicTest.c: In function 'ReadData':
../src/iicTest.c:338:6: warning: variable 'BusBusy' set but not used [-Wunused-but-set-variable]
  int BusBusy;
      ^
Finished building: ../src/iicTest.c
 
Building target: iicTest.elf
Invoking: MicroBlaze gcc linker
mb-gcc -Wl,-T -Wl,../src/lscript.ld -L../../iicTest_bsp/microblaze_0/lib -mlittle-endian -mcpu=v10.0 -mxl-soft-mul -Wl,--no-relax -o "iicTest.elf"  ./src/iicTest.o ./src/platform.o   -Wl,--start-group,-lxil,-lgcc,-lc,--end-group
Finished building target: iicTest.elf
 
Invoking: MicroBlaze Print Size
mb-size iicTest.elf  |tee "iicTest.elf.size"
   text	   data	    bss	    dec	    hex	filename
  16972	    388	   3400	  20760	   5118	iicTest.elf
Finished building: iicTest.elf.size
 
15:26:05 **** Incremental Build of configuration Debug for project iicTest ****
make all 
make: Nothing to be done for `all'.
20:09:32 **** Build of project iicTest_bsp ****
make -k all 
Running Make include in microblaze_0/libsrc/bram_v4_1/src
make -C microblaze_0/libsrc/bram_v4_1/src -s include  "SHELL=/bin/sh" "COMPILER=mb-gcc" "ARCHIVER=mb-ar" "COMPILER_FLAGS= -O2 -c -mcpu=v10.0 -mlittle-endian -mxl-soft-mul" "EXTRA_COMPILER_FLAGS=-g"
Running Make include in microblaze_0/libsrc/cpu_v2_5/src
make -C microblaze_0/libsrc/cpu_v2_5/src -s include  "SHELL=/bin/sh" "COMPILER=mb-gcc" "ARCHIVER=mb-ar" "COMPILER_FLAGS= -O2 -c -mcpu=v10.0 -mlittle-endian -mxl-soft-mul" "EXTRA_COMPILER_FLAGS=-g"
Running Make include in microblaze_0/libsrc/iic_v3_3/src
make -C microblaze_0/libsrc/iic_v3_3/src -s include  "SHELL=/bin/sh" "COMPILER=mb-gcc" "ARCHIVER=mb-ar" "COMPILER_FLAGS= -O2 -c -mcpu=v10.0 -mlittle-endian -mxl-soft-mul" "EXTRA_COMPILER_FLAGS=-g"
Running Make include in microblaze_0/libsrc/intc_v3_5/src
make -C microblaze_0/libsrc/intc_v3_5/src -s include  "SHELL=/bin/sh" "COMPILER=mb-gcc" "ARCHIVER=mb-ar" "COMPILER_FLAGS= -O2 -c -mcpu=v10.0 -mlittle-endian -mxl-soft-mul" "EXTRA_COMPILER_FLAGS=-g"
Running Make include in microblaze_0/libsrc/standalone_v6_0/src
make -C microblaze_0/libsrc/standalone_v6_0/src -s include  "SHELL=/bin/sh" "COMPILER=mb-gcc" "ARCHIVER=mb-ar" "COMPILER_FLAGS= -O2 -c -mcpu=v10.0 -mlittle-endian -mxl-soft-mul" "EXTRA_COMPILER_FLAGS=-g"
Running Make include in microblaze_0/libsrc/uartlite_v3_2/src
make -C microblaze_0/libsrc/uartlite_v3_2/src -s include  "SHELL=/bin/sh" "COMPILER=mb-gcc" "ARCHIVER=mb-ar" "COMPILER_FLAGS= -O2 -c -mcpu=v10.0 -mlittle-endian -mxl-soft-mul" "EXTRA_COMPILER_FLAGS=-g"
Running Make libs in microblaze_0/libsrc/bram_v4_1/src
make -C microblaze_0/libsrc/bram_v4_1/src -s libs  "SHELL=/bin/sh" "COMPILER=mb-gcc" "ARCHIVER=mb-ar" "COMPILER_FLAGS= -O2 -c -mcpu=v10.0 -mlittle-endian -mxl-soft-mul" "EXTRA_COMPILER_FLAGS=-g"
Compiling bram
Running Make libs in microblaze_0/libsrc/cpu_v2_5/src
make -C microblaze_0/libsrc/cpu_v2_5/src -s libs  "SHELL=/bin/sh" "COMPILER=mb-gcc" "ARCHIVER=mb-ar" "COMPILER_FLAGS= -O2 -c -mcpu=v10.0 -mlittle-endian -mxl-soft-mul" "EXTRA_COMPILER_FLAGS=-g"
Compiling cpu
Running Make libs in microblaze_0/libsrc/iic_v3_3/src
make -C microblaze_0/libsrc/iic_v3_3/src -s libs  "SHELL=/bin/sh" "COMPILER=mb-gcc" "ARCHIVER=mb-ar" "COMPILER_FLAGS= -O2 -c -mcpu=v10.0 -mlittle-endian -mxl-soft-mul" "EXTRA_COMPILER_FLAGS=-g"
Compiling iic
Running Make libs in microblaze_0/libsrc/intc_v3_5/src
make -C microblaze_0/libsrc/intc_v3_5/src -s libs  "SHELL=/bin/sh" "COMPILER=mb-gcc" "ARCHIVER=mb-ar" "COMPILER_FLAGS= -O2 -c -mcpu=v10.0 -mlittle-endian -mxl-soft-mul" "EXTRA_COMPILER_FLAGS=-g"
Compiling intc
Running Make libs in microblaze_0/libsrc/standalone_v6_0/src
make -C microblaze_0/libsrc/standalone_v6_0/src -s libs  "SHELL=/bin/sh" "COMPILER=mb-gcc" "ARCHIVER=mb-ar" "COMPILER_FLAGS= -O2 -c -mcpu=v10.0 -mlittle-endian -mxl-soft-mul" "EXTRA_COMPILER_FLAGS=-g"
Compiling standalone
Running Make libs in microblaze_0/libsrc/uartlite_v3_2/src
make -C microblaze_0/libsrc/uartlite_v3_2/src -s libs  "SHELL=/bin/sh" "COMPILER=mb-gcc" "ARCHIVER=mb-ar" "COMPILER_FLAGS= -O2 -c -mcpu=v10.0 -mlittle-endian -mxl-soft-mul" "EXTRA_COMPILER_FLAGS=-g"
Compiling uartlite
Finished building libraries
20:09:35 **** Build of configuration Debug for project iicTest ****
make all 
Building file: ../src/iicTest.c
Invoking: MicroBlaze gcc compiler
mb-gcc -Wall -O0 -g3 -c -fmessage-length=0 -MT"src/iicTest.o" -I../../iicTest_bsp/microblaze_0/include -mlittle-endian -mcpu=v10.0 -mxl-soft-mul -Wl,--no-relax -MMD -MP -MF"src/iicTest.d" -MT"src/iicTest.o" -o "src/iicTest.o" "../src/iicTest.c"
../src/iicTest.c: In function 'WriteData':
../src/iicTest.c:254:6: warning: variable 'BusBusy' set but not used [-Wunused-but-set-variable]
  int BusBusy;
      ^
../src/iicTest.c: In function 'ReadData':
../src/iicTest.c:338:6: warning: variable 'BusBusy' set but not used [-Wunused-but-set-variable]
  int BusBusy;
      ^
Finished building: ../src/iicTest.c
 
Building file: ../src/platform.c
Invoking: MicroBlaze gcc compiler
mb-gcc -Wall -O0 -g3 -c -fmessage-length=0 -MT"src/platform.o" -I../../iicTest_bsp/microblaze_0/include -mlittle-endian -mcpu=v10.0 -mxl-soft-mul -Wl,--no-relax -MMD -MP -MF"src/platform.d" -MT"src/platform.o" -o "src/platform.o" "../src/platform.c"
Finished building: ../src/platform.c
 
Building target: iicTest.elf
Invoking: MicroBlaze gcc linker
mb-gcc -Wl,-T -Wl,../src/lscript.ld -L../../iicTest_bsp/microblaze_0/lib -mlittle-endian -mcpu=v10.0 -mxl-soft-mul -Wl,--no-relax -o "iicTest.elf"  ./src/iicTest.o ./src/platform.o   -Wl,--start-group,-lxil,-lgcc,-lc,--end-group
Finished building target: iicTest.elf
 
Invoking: MicroBlaze Print Size
mb-size iicTest.elf  |tee "iicTest.elf.size"
   text	   data	    bss	    dec	    hex	filename
  16972	    388	   3400	  20760	   5118	iicTest.elf
Finished building: iicTest.elf.size
 
20:09:35 **** Build of project test_bsp ****
make -k all 
Running Make include in microblaze_0/libsrc/bram_v4_1/src
make -C microblaze_0/libsrc/bram_v4_1/src -s include  "SHELL=/bin/sh" "COMPILER=mb-gcc" "ARCHIVER=mb-ar" "COMPILER_FLAGS= -O2 -c -mcpu=v10.0 -mlittle-endian -mxl-soft-mul" "EXTRA_COMPILER_FLAGS=-g"
Running Make include in microblaze_0/libsrc/cpu_v2_5/src
make -C microblaze_0/libsrc/cpu_v2_5/src -s include  "SHELL=/bin/sh" "COMPILER=mb-gcc" "ARCHIVER=mb-ar" "COMPILER_FLAGS= -O2 -c -mcpu=v10.0 -mlittle-endian -mxl-soft-mul" "EXTRA_COMPILER_FLAGS=-g"
Running Make include in microblaze_0/libsrc/iic_v3_3/src
make -C microblaze_0/libsrc/iic_v3_3/src -s include  "SHELL=/bin/sh" "COMPILER=mb-gcc" "ARCHIVER=mb-ar" "COMPILER_FLAGS= -O2 -c -mcpu=v10.0 -mlittle-endian -mxl-soft-mul" "EXTRA_COMPILER_FLAGS=-g"
Running Make include in microblaze_0/libsrc/intc_v3_5/src
make -C microblaze_0/libsrc/intc_v3_5/src -s include  "SHELL=/bin/sh" "COMPILER=mb-gcc" "ARCHIVER=mb-ar" "COMPILER_FLAGS= -O2 -c -mcpu=v10.0 -mlittle-endian -mxl-soft-mul" "EXTRA_COMPILER_FLAGS=-g"
Running Make include in microblaze_0/libsrc/standalone_v6_0/src
make -C microblaze_0/libsrc/standalone_v6_0/src -s include  "SHELL=/bin/sh" "COMPILER=mb-gcc" "ARCHIVER=mb-ar" "COMPILER_FLAGS= -O2 -c -mcpu=v10.0 -mlittle-endian -mxl-soft-mul" "EXTRA_COMPILER_FLAGS=-g"
Running Make include in microblaze_0/libsrc/uartlite_v3_2/src
make -C microblaze_0/libsrc/uartlite_v3_2/src -s include  "SHELL=/bin/sh" "COMPILER=mb-gcc" "ARCHIVER=mb-ar" "COMPILER_FLAGS= -O2 -c -mcpu=v10.0 -mlittle-endian -mxl-soft-mul" "EXTRA_COMPILER_FLAGS=-g"
Running Make libs in microblaze_0/libsrc/bram_v4_1/src
make -C microblaze_0/libsrc/bram_v4_1/src -s libs  "SHELL=/bin/sh" "COMPILER=mb-gcc" "ARCHIVER=mb-ar" "COMPILER_FLAGS= -O2 -c -mcpu=v10.0 -mlittle-endian -mxl-soft-mul" "EXTRA_COMPILER_FLAGS=-g"
Compiling bram
Running Make libs in microblaze_0/libsrc/cpu_v2_5/src
make -C microblaze_0/libsrc/cpu_v2_5/src -s libs  "SHELL=/bin/sh" "COMPILER=mb-gcc" "ARCHIVER=mb-ar" "COMPILER_FLAGS= -O2 -c -mcpu=v10.0 -mlittle-endian -mxl-soft-mul" "EXTRA_COMPILER_FLAGS=-g"
Compiling cpu
Running Make libs in microblaze_0/libsrc/iic_v3_3/src
make -C microblaze_0/libsrc/iic_v3_3/src -s libs  "SHELL=/bin/sh" "COMPILER=mb-gcc" "ARCHIVER=mb-ar" "COMPILER_FLAGS= -O2 -c -mcpu=v10.0 -mlittle-endian -mxl-soft-mul" "EXTRA_COMPILER_FLAGS=-g"
Compiling iic
Running Make libs in microblaze_0/libsrc/intc_v3_5/src
make -C microblaze_0/libsrc/intc_v3_5/src -s libs  "SHELL=/bin/sh" "COMPILER=mb-gcc" "ARCHIVER=mb-ar" "COMPILER_FLAGS= -O2 -c -mcpu=v10.0 -mlittle-endian -mxl-soft-mul" "EXTRA_COMPILER_FLAGS=-g"
Compiling intc
Running Make libs in microblaze_0/libsrc/standalone_v6_0/src
make -C microblaze_0/libsrc/standalone_v6_0/src -s libs  "SHELL=/bin/sh" "COMPILER=mb-gcc" "ARCHIVER=mb-ar" "COMPILER_FLAGS= -O2 -c -mcpu=v10.0 -mlittle-endian -mxl-soft-mul" "EXTRA_COMPILER_FLAGS=-g"
Compiling standalone
Running Make libs in microblaze_0/libsrc/uartlite_v3_2/src
make -C microblaze_0/libsrc/uartlite_v3_2/src -s libs  "SHELL=/bin/sh" "COMPILER=mb-gcc" "ARCHIVER=mb-ar" "COMPILER_FLAGS= -O2 -c -mcpu=v10.0 -mlittle-endian -mxl-soft-mul" "EXTRA_COMPILER_FLAGS=-g"
Compiling uartlite
Finished building libraries
20:09:38 **** Build of configuration Debug for project test ****
make all 
Building file: ../src/helloworld.c
Invoking: MicroBlaze gcc compiler
mb-gcc -Wall -O0 -g3 -c -fmessage-length=0 -MT"src/helloworld.o" -I../../test_bsp/microblaze_0/include -mlittle-endian -mcpu=v10.0 -mxl-soft-mul -Wl,--no-relax -MMD -MP -MF"src/helloworld.d" -MT"src/helloworld.o" -o "src/helloworld.o" "../src/helloworld.c"
Finished building: ../src/helloworld.c
 
Building file: ../src/platform.c
Invoking: MicroBlaze gcc compiler
mb-gcc -Wall -O0 -g3 -c -fmessage-length=0 -MT"src/platform.o" -I../../test_bsp/microblaze_0/include -mlittle-endian -mcpu=v10.0 -mxl-soft-mul -Wl,--no-relax -MMD -MP -MF"src/platform.d" -MT"src/platform.o" -o "src/platform.o" "../src/platform.c"
Finished building: ../src/platform.c
 
Building target: test.elf
Invoking: MicroBlaze gcc linker
mb-gcc -Wl,-T -Wl,../src/lscript.ld -L../../test_bsp/microblaze_0/lib -mlittle-endian -mcpu=v10.0 -mxl-soft-mul -Wl,--no-relax -o "test.elf"  ./src/helloworld.o ./src/platform.o   -Wl,--start-group,-lxil,-lgcc,-lc,--end-group
Finished building target: test.elf
 
Invoking: MicroBlaze Print Size
mb-size test.elf  |tee "test.elf.size"
   text	   data	    bss	    dec	    hex	filename
   7120	    340	   3252	  10712	   29d8	test.elf
Finished building: test.elf.size
 
20:11:40 **** Incremental Build of configuration Debug for project iicTest ****
make all 
make: Nothing to be done for `all'.
20:12:18 **** Incremental Build of configuration Debug for project iicTest ****
make all 
make: Nothing to be done for `all'.
00:16:55 **** Build of project iicTest_bsp ****
make -k all 
Running Make include in microblaze_0/libsrc/bram_v4_1/src
make -C microblaze_0/libsrc/bram_v4_1/src -s include  "SHELL=/bin/sh" "COMPILER=mb-gcc" "ARCHIVER=mb-ar" "COMPILER_FLAGS= -O2 -c -mcpu=v10.0 -mlittle-endian -mxl-soft-mul" "EXTRA_COMPILER_FLAGS=-g"
Running Make include in microblaze_0/libsrc/cpu_v2_5/src
make -C microblaze_0/libsrc/cpu_v2_5/src -s include  "SHELL=/bin/sh" "COMPILER=mb-gcc" "ARCHIVER=mb-ar" "COMPILER_FLAGS= -O2 -c -mcpu=v10.0 -mlittle-endian -mxl-soft-mul" "EXTRA_COMPILER_FLAGS=-g"
Running Make include in microblaze_0/libsrc/iic_v3_3/src
make -C microblaze_0/libsrc/iic_v3_3/src -s include  "SHELL=/bin/sh" "COMPILER=mb-gcc" "ARCHIVER=mb-ar" "COMPILER_FLAGS= -O2 -c -mcpu=v10.0 -mlittle-endian -mxl-soft-mul" "EXTRA_COMPILER_FLAGS=-g"
Running Make include in microblaze_0/libsrc/intc_v3_5/src
make -C microblaze_0/libsrc/intc_v3_5/src -s include  "SHELL=/bin/sh" "COMPILER=mb-gcc" "ARCHIVER=mb-ar" "COMPILER_FLAGS= -O2 -c -mcpu=v10.0 -mlittle-endian -mxl-soft-mul" "EXTRA_COMPILER_FLAGS=-g"
Running Make include in microblaze_0/libsrc/standalone_v6_0/src
make -C microblaze_0/libsrc/standalone_v6_0/src -s include  "SHELL=/bin/sh" "COMPILER=mb-gcc" "ARCHIVER=mb-ar" "COMPILER_FLAGS= -O2 -c -mcpu=v10.0 -mlittle-endian -mxl-soft-mul" "EXTRA_COMPILER_FLAGS=-g"
Running Make include in microblaze_0/libsrc/uartlite_v3_2/src
make -C microblaze_0/libsrc/uartlite_v3_2/src -s include  "SHELL=/bin/sh" "COMPILER=mb-gcc" "ARCHIVER=mb-ar" "COMPILER_FLAGS= -O2 -c -mcpu=v10.0 -mlittle-endian -mxl-soft-mul" "EXTRA_COMPILER_FLAGS=-g"
Running Make libs in microblaze_0/libsrc/bram_v4_1/src
make -C microblaze_0/libsrc/bram_v4_1/src -s libs  "SHELL=/bin/sh" "COMPILER=mb-gcc" "ARCHIVER=mb-ar" "COMPILER_FLAGS= -O2 -c -mcpu=v10.0 -mlittle-endian -mxl-soft-mul" "EXTRA_COMPILER_FLAGS=-g"
Compiling bram
Running Make libs in microblaze_0/libsrc/cpu_v2_5/src
make -C microblaze_0/libsrc/cpu_v2_5/src -s libs  "SHELL=/bin/sh" "COMPILER=mb-gcc" "ARCHIVER=mb-ar" "COMPILER_FLAGS= -O2 -c -mcpu=v10.0 -mlittle-endian -mxl-soft-mul" "EXTRA_COMPILER_FLAGS=-g"
Compiling cpu
Running Make libs in microblaze_0/libsrc/iic_v3_3/src
make -C microblaze_0/libsrc/iic_v3_3/src -s libs  "SHELL=/bin/sh" "COMPILER=mb-gcc" "ARCHIVER=mb-ar" "COMPILER_FLAGS= -O2 -c -mcpu=v10.0 -mlittle-endian -mxl-soft-mul" "EXTRA_COMPILER_FLAGS=-g"
Compiling iic
Running Make libs in microblaze_0/libsrc/intc_v3_5/src
make -C microblaze_0/libsrc/intc_v3_5/src -s libs  "SHELL=/bin/sh" "COMPILER=mb-gcc" "ARCHIVER=mb-ar" "COMPILER_FLAGS= -O2 -c -mcpu=v10.0 -mlittle-endian -mxl-soft-mul" "EXTRA_COMPILER_FLAGS=-g"
Compiling intc
Running Make libs in microblaze_0/libsrc/standalone_v6_0/src
make -C microblaze_0/libsrc/standalone_v6_0/src -s libs  "SHELL=/bin/sh" "COMPILER=mb-gcc" "ARCHIVER=mb-ar" "COMPILER_FLAGS= -O2 -c -mcpu=v10.0 -mlittle-endian -mxl-soft-mul" "EXTRA_COMPILER_FLAGS=-g"
Compiling standalone
Running Make libs in microblaze_0/libsrc/uartlite_v3_2/src
make -C microblaze_0/libsrc/uartlite_v3_2/src -s libs  "SHELL=/bin/sh" "COMPILER=mb-gcc" "ARCHIVER=mb-ar" "COMPILER_FLAGS= -O2 -c -mcpu=v10.0 -mlittle-endian -mxl-soft-mul" "EXTRA_COMPILER_FLAGS=-g"
Compiling uartlite
Finished building libraries
00:16:58 **** Build of configuration Debug for project iicTest ****
make all 
Building file: ../src/iicTest.c
Invoking: MicroBlaze gcc compiler
mb-gcc -Wall -O0 -g3 -c -fmessage-length=0 -MT"src/iicTest.o" -I../../iicTest_bsp/microblaze_0/include -mlittle-endian -mcpu=v10.0 -mxl-soft-mul -Wl,--no-relax -MMD -MP -MF"src/iicTest.d" -MT"src/iicTest.o" -o "src/iicTest.o" "../src/iicTest.c"
Finished building: ../src/iicTest.c
 
Building file: ../src/platform.c
Invoking: MicroBlaze gcc compiler
mb-gcc -Wall -O0 -g3 -c -fmessage-length=0 -MT"src/platform.o" -I../../iicTest_bsp/microblaze_0/include -mlittle-endian -mcpu=v10.0 -mxl-soft-mul -Wl,--no-relax -MMD -MP -MF"src/platform.d" -MT"src/platform.o" -o "src/platform.o" "../src/platform.c"
Finished building: ../src/platform.c
 
Building target: iicTest.elf
Invoking: MicroBlaze gcc linker
mb-gcc -Wl,-T -Wl,../src/lscript.ld -L../../iicTest_bsp/microblaze_0/lib -mlittle-endian -mcpu=v10.0 -mxl-soft-mul -Wl,--no-relax -o "iicTest.elf"  ./src/iicTest.o ./src/platform.o   -Wl,--start-group,-lxil,-lgcc,-lc,--end-group
Finished building target: iicTest.elf
 
Invoking: MicroBlaze Print Size
mb-size iicTest.elf  |tee "iicTest.elf.size"
   text	   data	    bss	    dec	    hex	filename
  15280	    388	   3348	  19016	   4a48	iicTest.elf
Finished building: iicTest.elf.size
 
00:16:58 **** Build of project test_bsp ****
make -k all 
Running Make include in microblaze_0/libsrc/bram_v4_1/src
make -C microblaze_0/libsrc/bram_v4_1/src -s include  "SHELL=/bin/sh" "COMPILER=mb-gcc" "ARCHIVER=mb-ar" "COMPILER_FLAGS= -O2 -c -mcpu=v10.0 -mlittle-endian -mxl-soft-mul" "EXTRA_COMPILER_FLAGS=-g"
Running Make include in microblaze_0/libsrc/cpu_v2_5/src
make -C microblaze_0/libsrc/cpu_v2_5/src -s include  "SHELL=/bin/sh" "COMPILER=mb-gcc" "ARCHIVER=mb-ar" "COMPILER_FLAGS= -O2 -c -mcpu=v10.0 -mlittle-endian -mxl-soft-mul" "EXTRA_COMPILER_FLAGS=-g"
Running Make include in microblaze_0/libsrc/iic_v3_3/src
make -C microblaze_0/libsrc/iic_v3_3/src -s include  "SHELL=/bin/sh" "COMPILER=mb-gcc" "ARCHIVER=mb-ar" "COMPILER_FLAGS= -O2 -c -mcpu=v10.0 -mlittle-endian -mxl-soft-mul" "EXTRA_COMPILER_FLAGS=-g"
Running Make include in microblaze_0/libsrc/intc_v3_5/src
make -C microblaze_0/libsrc/intc_v3_5/src -s include  "SHELL=/bin/sh" "COMPILER=mb-gcc" "ARCHIVER=mb-ar" "COMPILER_FLAGS= -O2 -c -mcpu=v10.0 -mlittle-endian -mxl-soft-mul" "EXTRA_COMPILER_FLAGS=-g"
Running Make include in microblaze_0/libsrc/standalone_v6_0/src
make -C microblaze_0/libsrc/standalone_v6_0/src -s include  "SHELL=/bin/sh" "COMPILER=mb-gcc" "ARCHIVER=mb-ar" "COMPILER_FLAGS= -O2 -c -mcpu=v10.0 -mlittle-endian -mxl-soft-mul" "EXTRA_COMPILER_FLAGS=-g"
Running Make include in microblaze_0/libsrc/uartlite_v3_2/src
make -C microblaze_0/libsrc/uartlite_v3_2/src -s include  "SHELL=/bin/sh" "COMPILER=mb-gcc" "ARCHIVER=mb-ar" "COMPILER_FLAGS= -O2 -c -mcpu=v10.0 -mlittle-endian -mxl-soft-mul" "EXTRA_COMPILER_FLAGS=-g"
Running Make libs in microblaze_0/libsrc/bram_v4_1/src
make -C microblaze_0/libsrc/bram_v4_1/src -s libs  "SHELL=/bin/sh" "COMPILER=mb-gcc" "ARCHIVER=mb-ar" "COMPILER_FLAGS= -O2 -c -mcpu=v10.0 -mlittle-endian -mxl-soft-mul" "EXTRA_COMPILER_FLAGS=-g"
Compiling bram
Running Make libs in microblaze_0/libsrc/cpu_v2_5/src
make -C microblaze_0/libsrc/cpu_v2_5/src -s libs  "SHELL=/bin/sh" "COMPILER=mb-gcc" "ARCHIVER=mb-ar" "COMPILER_FLAGS= -O2 -c -mcpu=v10.0 -mlittle-endian -mxl-soft-mul" "EXTRA_COMPILER_FLAGS=-g"
Compiling cpu
Running Make libs in microblaze_0/libsrc/iic_v3_3/src
make -C microblaze_0/libsrc/iic_v3_3/src -s libs  "SHELL=/bin/sh" "COMPILER=mb-gcc" "ARCHIVER=mb-ar" "COMPILER_FLAGS= -O2 -c -mcpu=v10.0 -mlittle-endian -mxl-soft-mul" "EXTRA_COMPILER_FLAGS=-g"
Compiling iic
Running Make libs in microblaze_0/libsrc/intc_v3_5/src
make -C microblaze_0/libsrc/intc_v3_5/src -s libs  "SHELL=/bin/sh" "COMPILER=mb-gcc" "ARCHIVER=mb-ar" "COMPILER_FLAGS= -O2 -c -mcpu=v10.0 -mlittle-endian -mxl-soft-mul" "EXTRA_COMPILER_FLAGS=-g"
Compiling intc
Running Make libs in microblaze_0/libsrc/standalone_v6_0/src
make -C microblaze_0/libsrc/standalone_v6_0/src -s libs  "SHELL=/bin/sh" "COMPILER=mb-gcc" "ARCHIVER=mb-ar" "COMPILER_FLAGS= -O2 -c -mcpu=v10.0 -mlittle-endian -mxl-soft-mul" "EXTRA_COMPILER_FLAGS=-g"
Compiling standalone
Running Make libs in microblaze_0/libsrc/uartlite_v3_2/src
make -C microblaze_0/libsrc/uartlite_v3_2/src -s libs  "SHELL=/bin/sh" "COMPILER=mb-gcc" "ARCHIVER=mb-ar" "COMPILER_FLAGS= -O2 -c -mcpu=v10.0 -mlittle-endian -mxl-soft-mul" "EXTRA_COMPILER_FLAGS=-g"
Compiling uartlite
Finished building libraries
00:17:01 **** Build of configuration Debug for project test ****
make all 
Building file: ../src/helloworld.c
Invoking: MicroBlaze gcc compiler
mb-gcc -Wall -O0 -g3 -c -fmessage-length=0 -MT"src/helloworld.o" -I../../test_bsp/microblaze_0/include -mlittle-endian -mcpu=v10.0 -mxl-soft-mul -Wl,--no-relax -MMD -MP -MF"src/helloworld.d" -MT"src/helloworld.o" -o "src/helloworld.o" "../src/helloworld.c"
Finished building: ../src/helloworld.c
 
Building file: ../src/platform.c
Invoking: MicroBlaze gcc compiler
mb-gcc -Wall -O0 -g3 -c -fmessage-length=0 -MT"src/platform.o" -I../../test_bsp/microblaze_0/include -mlittle-endian -mcpu=v10.0 -mxl-soft-mul -Wl,--no-relax -MMD -MP -MF"src/platform.d" -MT"src/platform.o" -o "src/platform.o" "../src/platform.c"
Finished building: ../src/platform.c
 
Building target: test.elf
Invoking: MicroBlaze gcc linker
mb-gcc -Wl,-T -Wl,../src/lscript.ld -L../../test_bsp/microblaze_0/lib -mlittle-endian -mcpu=v10.0 -mxl-soft-mul -Wl,--no-relax -o "test.elf"  ./src/helloworld.o ./src/platform.o   -Wl,--start-group,-lxil,-lgcc,-lc,--end-group
Finished building target: test.elf
 
Invoking: MicroBlaze Print Size
mb-size test.elf  |tee "test.elf.size"
   text	   data	    bss	    dec	    hex	filename
   7120	    340	   3252	  10712	   29d8	test.elf
Finished building: test.elf.size
 
00:20:18 **** Incremental Build of configuration Debug for project iicTest ****
make all 
make: Nothing to be done for `all'.
00:20:42 **** Incremental Build of configuration Debug for project iicTest ****
make all 
make: Nothing to be done for `all'.
00:21:10 **** Incremental Build of configuration Debug for project iicTest ****
make all 
make: Nothing to be done for `all'.
00:21:33 **** Incremental Build of configuration Debug for project iicTest ****
make all 
make: Nothing to be done for `all'.
00:21:55 **** Incremental Build of configuration Debug for project iicTest ****
make all 
make: Nothing to be done for `all'.
00:22:19 **** Incremental Build of configuration Debug for project iicTest ****
make all 
make: Nothing to be done for `all'.
00:22:30 **** Incremental Build of configuration Debug for project iicTest ****
make all 
make: Nothing to be done for `all'.
00:22:41 **** Incremental Build of configuration Debug for project iicTest ****
make all 
make: Nothing to be done for `all'.
00:23:11 **** Auto Build of configuration Debug for project iicTest ****
make all 
Building file: ../src/iicTest.c
Invoking: MicroBlaze gcc compiler
mb-gcc -Wall -O0 -g3 -c -fmessage-length=0 -MT"src/iicTest.o" -I../../iicTest_bsp/microblaze_0/include -mlittle-endian -mcpu=v10.0 -mxl-soft-mul -Wl,--no-relax -MMD -MP -MF"src/iicTest.d" -MT"src/iicTest.o" -o "src/iicTest.o" "../src/iicTest.c"
Finished building: ../src/iicTest.c
 
Building target: iicTest.elf
Invoking: MicroBlaze gcc linker
mb-gcc -Wl,-T -Wl,../src/lscript.ld -L../../iicTest_bsp/microblaze_0/lib -mlittle-endian -mcpu=v10.0 -mxl-soft-mul -Wl,--no-relax -o "iicTest.elf"  ./src/iicTest.o ./src/platform.o   -Wl,--start-group,-lxil,-lgcc,-lc,--end-group
Finished building target: iicTest.elf
 
Invoking: MicroBlaze Print Size
mb-size iicTest.elf  |tee "iicTest.elf.size"
   text	   data	    bss	    dec	    hex	filename
  15260	    388	   3352	  19000	   4a38	iicTest.elf
Finished building: iicTest.elf.size
 
00:23:14 **** Incremental Build of configuration Debug for project iicTest ****
make all 
make: Nothing to be done for `all'.
00:23:27 **** Incremental Build of configuration Debug for project iicTest ****
make all 
make: Nothing to be done for `all'.
00:23:57 **** Auto Build of configuration Debug for project iicTest ****
make all 
Building file: ../src/iicTest.c
Invoking: MicroBlaze gcc compiler
mb-gcc -Wall -O0 -g3 -c -fmessage-length=0 -MT"src/iicTest.o" -I../../iicTest_bsp/microblaze_0/include -mlittle-endian -mcpu=v10.0 -mxl-soft-mul -Wl,--no-relax -MMD -MP -MF"src/iicTest.d" -MT"src/iicTest.o" -o "src/iicTest.o" "../src/iicTest.c"
Finished building: ../src/iicTest.c
 
Building target: iicTest.elf
Invoking: MicroBlaze gcc linker
mb-gcc -Wl,-T -Wl,../src/lscript.ld -L../../iicTest_bsp/microblaze_0/lib -mlittle-endian -mcpu=v10.0 -mxl-soft-mul -Wl,--no-relax -o "iicTest.elf"  ./src/iicTest.o ./src/platform.o   -Wl,--start-group,-lxil,-lgcc,-lc,--end-group
Finished building target: iicTest.elf
 
Invoking: MicroBlaze Print Size
mb-size iicTest.elf  |tee "iicTest.elf.size"
   text	   data	    bss	    dec	    hex	filename
  15280	    388	   3348	  19016	   4a48	iicTest.elf
Finished building: iicTest.elf.size
 
00:24:03 **** Incremental Build of configuration Debug for project iicTest ****
make all 
make: Nothing to be done for `all'.
00:24:13 **** Incremental Build of configuration Debug for project iicTest ****
make all 
make: Nothing to be done for `all'.
00:25:40 **** Auto Build of configuration Debug for project iicTest ****
make all 
Building file: ../src/iicTest.c
Invoking: MicroBlaze gcc compiler
mb-gcc -Wall -O0 -g3 -c -fmessage-length=0 -MT"src/iicTest.o" -I../../iicTest_bsp/microblaze_0/include -mlittle-endian -mcpu=v10.0 -mxl-soft-mul -Wl,--no-relax -MMD -MP -MF"src/iicTest.d" -MT"src/iicTest.o" -o "src/iicTest.o" "../src/iicTest.c"
Finished building: ../src/iicTest.c
 
Building target: iicTest.elf
Invoking: MicroBlaze gcc linker
mb-gcc -Wl,-T -Wl,../src/lscript.ld -L../../iicTest_bsp/microblaze_0/lib -mlittle-endian -mcpu=v10.0 -mxl-soft-mul -Wl,--no-relax -o "iicTest.elf"  ./src/iicTest.o ./src/platform.o   -Wl,--start-group,-lxil,-lgcc,-lc,--end-group
Finished building target: iicTest.elf
 
Invoking: MicroBlaze Print Size
mb-size iicTest.elf  |tee "iicTest.elf.size"
   text	   data	    bss	    dec	    hex	filename
  15264	    388	   3348	  19000	   4a38	iicTest.elf
Finished building: iicTest.elf.size
 
00:25:52 **** Incremental Build of configuration Debug for project iicTest ****
make all 
make: Nothing to be done for `all'.
00:26:05 **** Auto Build of configuration Debug for project iicTest ****
make all 
Building file: ../src/iicTest.c
Invoking: MicroBlaze gcc compiler
mb-gcc -Wall -O0 -g3 -c -fmessage-length=0 -MT"src/iicTest.o" -I../../iicTest_bsp/microblaze_0/include -mlittle-endian -mcpu=v10.0 -mxl-soft-mul -Wl,--no-relax -MMD -MP -MF"src/iicTest.d" -MT"src/iicTest.o" -o "src/iicTest.o" "../src/iicTest.c"
Finished building: ../src/iicTest.c
 
Building target: iicTest.elf
Invoking: MicroBlaze gcc linker
mb-gcc -Wl,-T -Wl,../src/lscript.ld -L../../iicTest_bsp/microblaze_0/lib -mlittle-endian -mcpu=v10.0 -mxl-soft-mul -Wl,--no-relax -o "iicTest.elf"  ./src/iicTest.o ./src/platform.o   -Wl,--start-group,-lxil,-lgcc,-lc,--end-group
Finished building target: iicTest.elf
 
Invoking: MicroBlaze Print Size
mb-size iicTest.elf  |tee "iicTest.elf.size"
   text	   data	    bss	    dec	    hex	filename
  15260	    388	   3352	  19000	   4a38	iicTest.elf
Finished building: iicTest.elf.size
 
00:27:00 **** Auto Build of configuration Debug for project iicTest ****
make all 
Building file: ../src/iicTest.c
Invoking: MicroBlaze gcc compiler
mb-gcc -Wall -O0 -g3 -c -fmessage-length=0 -MT"src/iicTest.o" -I../../iicTest_bsp/microblaze_0/include -mlittle-endian -mcpu=v10.0 -mxl-soft-mul -Wl,--no-relax -MMD -MP -MF"src/iicTest.d" -MT"src/iicTest.o" -o "src/iicTest.o" "../src/iicTest.c"
../src/iicTest.c: In function 'main':
../src/iicTest.c:46:2: error: variable-sized object may not be initialized
  u8 sendbuf[bytesend]={0x75};
  ^
../src/iicTest.c:46:24: warning: excess elements in array initializer
  u8 sendbuf[bytesend]={0x75};
                        ^
../src/iicTest.c:46:24: note: (near initialization for 'sendbuf')
make: *** [src/iicTest.o] Error 1
00:27:14 **** Auto Build of configuration Debug for project iicTest ****
make all 
Building file: ../src/iicTest.c
Invoking: MicroBlaze gcc compiler
mb-gcc -Wall -O0 -g3 -c -fmessage-length=0 -MT"src/iicTest.o" -I../../iicTest_bsp/microblaze_0/include -mlittle-endian -mcpu=v10.0 -mxl-soft-mul -Wl,--no-relax -MMD -MP -MF"src/iicTest.d" -MT"src/iicTest.o" -o "src/iicTest.o" "../src/iicTest.c"
../src/iicTest.c: In function 'main':
../src/iicTest.c:46:2: error: variable-sized object may not be initialized
  u8 sendbuf[bytesend]={0x75};
  ^
../src/iicTest.c:46:24: warning: excess elements in array initializer
  u8 sendbuf[bytesend]={0x75};
                        ^
../src/iicTest.c:46:24: note: (near initialization for 'sendbuf')
make: *** [src/iicTest.o] Error 1
00:27:34 **** Auto Build of configuration Debug for project iicTest ****
make all 
Building file: ../src/iicTest.c
Invoking: MicroBlaze gcc compiler
mb-gcc -Wall -O0 -g3 -c -fmessage-length=0 -MT"src/iicTest.o" -I../../iicTest_bsp/microblaze_0/include -mlittle-endian -mcpu=v10.0 -mxl-soft-mul -Wl,--no-relax -MMD -MP -MF"src/iicTest.d" -MT"src/iicTest.o" -o "src/iicTest.o" "../src/iicTest.c"
Finished building: ../src/iicTest.c
 
Building target: iicTest.elf
Invoking: MicroBlaze gcc linker
mb-gcc -Wl,-T -Wl,../src/lscript.ld -L../../iicTest_bsp/microblaze_0/lib -mlittle-endian -mcpu=v10.0 -mxl-soft-mul -Wl,--no-relax -o "iicTest.elf"  ./src/iicTest.o ./src/platform.o   -Wl,--start-group,-lxil,-lgcc,-lc,--end-group
Finished building target: iicTest.elf
 
Invoking: MicroBlaze Print Size
mb-size iicTest.elf  |tee "iicTest.elf.size"
   text	   data	    bss	    dec	    hex	filename
  15260	    388	   3352	  19000	   4a38	iicTest.elf
Finished building: iicTest.elf.size
 
00:27:49 **** Incremental Build of configuration Debug for project iicTest ****
make all 
make: Nothing to be done for `all'.
00:28:24 **** Incremental Build of configuration Debug for project iicTest ****
make all 
make: Nothing to be done for `all'.
00:28:54 **** Incremental Build of configuration Debug for project iicTest ****
make all 
make: Nothing to be done for `all'.
00:29:27 **** Auto Build of configuration Debug for project iicTest ****
make all 
Building file: ../src/iicTest.c
Invoking: MicroBlaze gcc compiler
mb-gcc -Wall -O0 -g3 -c -fmessage-length=0 -MT"src/iicTest.o" -I../../iicTest_bsp/microblaze_0/include -mlittle-endian -mcpu=v10.0 -mxl-soft-mul -Wl,--no-relax -MMD -MP -MF"src/iicTest.d" -MT"src/iicTest.o" -o "src/iicTest.o" "../src/iicTest.c"
Finished building: ../src/iicTest.c
 
Building target: iicTest.elf
Invoking: MicroBlaze gcc linker
mb-gcc -Wl,-T -Wl,../src/lscript.ld -L../../iicTest_bsp/microblaze_0/lib -mlittle-endian -mcpu=v10.0 -mxl-soft-mul -Wl,--no-relax -o "iicTest.elf"  ./src/iicTest.o ./src/platform.o   -Wl,--start-group,-lxil,-lgcc,-lc,--end-group
Finished building target: iicTest.elf
 
Invoking: MicroBlaze Print Size
mb-size iicTest.elf  |tee "iicTest.elf.size"
   text	   data	    bss	    dec	    hex	filename
  15280	    388	   3348	  19016	   4a48	iicTest.elf
Finished building: iicTest.elf.size
 
00:29:29 **** Incremental Build of configuration Debug for project iicTest ****
make all 
make: Nothing to be done for `all'.
00:29:41 **** Incremental Build of configuration Debug for project iicTest ****
make all 
make: Nothing to be done for `all'.
00:29:52 **** Incremental Build of configuration Debug for project iicTest ****
make all 
make: Nothing to be done for `all'.
13:11:55 **** Auto Build of configuration Debug for project iicTest ****
make all 
Building file: ../src/iicTest.c
Invoking: MicroBlaze gcc compiler
mb-gcc -Wall -O0 -g3 -c -fmessage-length=0 -MT"src/iicTest.o" -I../../iicTest_bsp/microblaze_0/include -mlittle-endian -mcpu=v10.0 -mxl-soft-mul -Wl,--no-relax -MMD -MP -MF"src/iicTest.d" -MT"src/iicTest.o" -o "src/iicTest.o" "../src/iicTest.c"
Finished building: ../src/iicTest.c
 
Building target: iicTest.elf
Invoking: MicroBlaze gcc linker
mb-gcc -Wl,-T -Wl,../src/lscript.ld -L../../iicTest_bsp/microblaze_0/lib -mlittle-endian -mcpu=v10.0 -mxl-soft-mul -Wl,--no-relax -o "iicTest.elf"  ./src/iicTest.o ./src/platform.o   -Wl,--start-group,-lxil,-lgcc,-lc,--end-group
Finished building target: iicTest.elf
 
Invoking: MicroBlaze Print Size
mb-size iicTest.elf  |tee "iicTest.elf.size"
   text	   data	    bss	    dec	    hex	filename
  19148	    388	   3416	  22952	   59a8	iicTest.elf
Finished building: iicTest.elf.size
 
13:12:05 **** Incremental Build of configuration Debug for project iicTest ****
make all 
make: Nothing to be done for `all'.
13:14:45 **** Auto Build of configuration Debug for project iicTest ****
make all 
Building file: ../src/iicTest.c
Invoking: MicroBlaze gcc compiler
mb-gcc -Wall -O0 -g3 -c -fmessage-length=0 -MT"src/iicTest.o" -I../../iicTest_bsp/microblaze_0/include -mlittle-endian -mcpu=v10.0 -mxl-soft-mul -Wl,--no-relax -MMD -MP -MF"src/iicTest.d" -MT"src/iicTest.o" -o "src/iicTest.o" "../src/iicTest.c"
Finished building: ../src/iicTest.c
 
Building target: iicTest.elf
Invoking: MicroBlaze gcc linker
mb-gcc -Wl,-T -Wl,../src/lscript.ld -L../../iicTest_bsp/microblaze_0/lib -mlittle-endian -mcpu=v10.0 -mxl-soft-mul -Wl,--no-relax -o "iicTest.elf"  ./src/iicTest.o ./src/platform.o   -Wl,--start-group,-lxil,-lgcc,-lc,--end-group
Finished building target: iicTest.elf
 
Invoking: MicroBlaze Print Size
mb-size iicTest.elf  |tee "iicTest.elf.size"
   text	   data	    bss	    dec	    hex	filename
  19148	    392	   3372	  22912	   5980	iicTest.elf
Finished building: iicTest.elf.size
 
13:15:03 **** Incremental Build of configuration Debug for project iicTest ****
make all 
make: Nothing to be done for `all'.
13:16:18 **** Auto Build of configuration Debug for project iicTest ****
make all 
Building file: ../src/iicTest.c
Invoking: MicroBlaze gcc compiler
mb-gcc -Wall -O0 -g3 -c -fmessage-length=0 -MT"src/iicTest.o" -I../../iicTest_bsp/microblaze_0/include -mlittle-endian -mcpu=v10.0 -mxl-soft-mul -Wl,--no-relax -MMD -MP -MF"src/iicTest.d" -MT"src/iicTest.o" -o "src/iicTest.o" "../src/iicTest.c"
Finished building: ../src/iicTest.c
 
Building target: iicTest.elf
Invoking: MicroBlaze gcc linker
mb-gcc -Wl,-T -Wl,../src/lscript.ld -L../../iicTest_bsp/microblaze_0/lib -mlittle-endian -mcpu=v10.0 -mxl-soft-mul -Wl,--no-relax -o "iicTest.elf"  ./src/iicTest.o ./src/platform.o   -Wl,--start-group,-lxil,-lgcc,-lc,--end-group
Finished building target: iicTest.elf
 
Invoking: MicroBlaze Print Size
mb-size iicTest.elf  |tee "iicTest.elf.size"
   text	   data	    bss	    dec	    hex	filename
  19052	    392	   3372	  22816	   5920	iicTest.elf
Finished building: iicTest.elf.size
 
13:16:20 **** Incremental Build of configuration Debug for project iicTest ****
make all 
make: Nothing to be done for `all'.
13:17:17 **** Auto Build of configuration Debug for project iicTest ****
make all 
Building file: ../src/iicTest.c
Invoking: MicroBlaze gcc compiler
mb-gcc -Wall -O0 -g3 -c -fmessage-length=0 -MT"src/iicTest.o" -I../../iicTest_bsp/microblaze_0/include -mlittle-endian -mcpu=v10.0 -mxl-soft-mul -Wl,--no-relax -MMD -MP -MF"src/iicTest.d" -MT"src/iicTest.o" -o "src/iicTest.o" "../src/iicTest.c"
Finished building: ../src/iicTest.c
 
Building target: iicTest.elf
Invoking: MicroBlaze gcc linker
mb-gcc -Wl,-T -Wl,../src/lscript.ld -L../../iicTest_bsp/microblaze_0/lib -mlittle-endian -mcpu=v10.0 -mxl-soft-mul -Wl,--no-relax -o "iicTest.elf"  ./src/iicTest.o ./src/platform.o   -Wl,--start-group,-lxil,-lgcc,-lc,--end-group
Finished building target: iicTest.elf
 
Invoking: MicroBlaze Print Size
mb-size iicTest.elf  |tee "iicTest.elf.size"
   text	   data	    bss	    dec	    hex	filename
  19052	    392	   3372	  22816	   5920	iicTest.elf
Finished building: iicTest.elf.size
 
13:17:33 **** Incremental Build of configuration Debug for project iicTest ****
make all 
make: Nothing to be done for `all'.
13:18:11 **** Incremental Build of configuration Debug for project iicTest ****
make all 
make: Nothing to be done for `all'.
13:18:47 **** Incremental Build of configuration Debug for project iicTest ****
make all 
make: Nothing to be done for `all'.
13:21:54 **** Auto Build of configuration Debug for project iicTest ****
make all 
Building file: ../src/iicTest.c
Invoking: MicroBlaze gcc compiler
mb-gcc -Wall -O0 -g3 -c -fmessage-length=0 -MT"src/iicTest.o" -I../../iicTest_bsp/microblaze_0/include -mlittle-endian -mcpu=v10.0 -mxl-soft-mul -Wl,--no-relax -MMD -MP -MF"src/iicTest.d" -MT"src/iicTest.o" -o "src/iicTest.o" "../src/iicTest.c"
Finished building: ../src/iicTest.c
 
Building target: iicTest.elf
Invoking: MicroBlaze gcc linker
mb-gcc -Wl,-T -Wl,../src/lscript.ld -L../../iicTest_bsp/microblaze_0/lib -mlittle-endian -mcpu=v10.0 -mxl-soft-mul -Wl,--no-relax -o "iicTest.elf"  ./src/iicTest.o ./src/platform.o   -Wl,--start-group,-lxil,-lgcc,-lc,--end-group
Finished building target: iicTest.elf
 
Invoking: MicroBlaze Print Size
mb-size iicTest.elf  |tee "iicTest.elf.size"
   text	   data	    bss	    dec	    hex	filename
  19148	    388	   3416	  22952	   59a8	iicTest.elf
Finished building: iicTest.elf.size
 
13:22:11 **** Incremental Build of configuration Debug for project iicTest ****
make all 
make: Nothing to be done for `all'.
13:23:18 **** Auto Build of configuration Debug for project iicTest ****
make all 
Building file: ../src/iicTest.c
Invoking: MicroBlaze gcc compiler
mb-gcc -Wall -O0 -g3 -c -fmessage-length=0 -MT"src/iicTest.o" -I../../iicTest_bsp/microblaze_0/include -mlittle-endian -mcpu=v10.0 -mxl-soft-mul -Wl,--no-relax -MMD -MP -MF"src/iicTest.d" -MT"src/iicTest.o" -o "src/iicTest.o" "../src/iicTest.c"
Finished building: ../src/iicTest.c
 
Building target: iicTest.elf
Invoking: MicroBlaze gcc linker
mb-gcc -Wl,-T -Wl,../src/lscript.ld -L../../iicTest_bsp/microblaze_0/lib -mlittle-endian -mcpu=v10.0 -mxl-soft-mul -Wl,--no-relax -o "iicTest.elf"  ./src/iicTest.o ./src/platform.o   -Wl,--start-group,-lxil,-lgcc,-lc,--end-group
Finished building target: iicTest.elf
 
Invoking: MicroBlaze Print Size
mb-size iicTest.elf  |tee "iicTest.elf.size"
   text	   data	    bss	    dec	    hex	filename
  19148	    388	   3416	  22952	   59a8	iicTest.elf
Finished building: iicTest.elf.size
 
13:23:20 **** Incremental Build of configuration Debug for project iicTest ****
make all 
make: Nothing to be done for `all'.
13:31:56 **** Auto Build of configuration Debug for project iicTest ****
make all 
Building file: ../src/iicTest.c
Invoking: MicroBlaze gcc compiler
mb-gcc -Wall -O0 -g3 -c -fmessage-length=0 -MT"src/iicTest.o" -I../../iicTest_bsp/microblaze_0/include -mlittle-endian -mcpu=v10.0 -mxl-soft-mul -Wl,--no-relax -MMD -MP -MF"src/iicTest.d" -MT"src/iicTest.o" -o "src/iicTest.o" "../src/iicTest.c"
../src/iicTest.c: In function 'IicDynInit':
../src/iicTest.c:235:5: warning: unused variable 'Index' [-Wunused-variable]
  u8 Index;
     ^
Finished building: ../src/iicTest.c
 
Building target: iicTest.elf
Invoking: MicroBlaze gcc linker
mb-gcc -Wl,-T -Wl,../src/lscript.ld -L../../iicTest_bsp/microblaze_0/lib -mlittle-endian -mcpu=v10.0 -mxl-soft-mul -Wl,--no-relax -o "iicTest.elf"  ./src/iicTest.o ./src/platform.o   -Wl,--start-group,-lxil,-lgcc,-lc,--end-group
./src/iicTest.o: In function `main':
/home/ravi/vivado_projects/testMicroI2C_only/testMicroI2C_only.sdk/iicTest/Debug/../src/iicTest.c:212: undefined reference to `IicDynEepromExample'
collect2: error: ld returned 1 exit status
make: *** [iicTest.elf] Error 1
13:32:42 **** Auto Build of configuration Debug for project iicTest ****
make all 
Building file: ../src/iicTest.c
Invoking: MicroBlaze gcc compiler
mb-gcc -Wall -O0 -g3 -c -fmessage-length=0 -MT"src/iicTest.o" -I../../iicTest_bsp/microblaze_0/include -mlittle-endian -mcpu=v10.0 -mxl-soft-mul -Wl,--no-relax -MMD -MP -MF"src/iicTest.d" -MT"src/iicTest.o" -o "src/iicTest.o" "../src/iicTest.c"
../src/iicTest.c: In function 'main':
../src/iicTest.c:212:11: warning: implicit declaration of function 'IicDynInit' [-Wimplicit-function-declaration]
  Status = IicDynInit();
           ^
../src/iicTest.c: At top level:
../src/iicTest.c:233:5: error: conflicting types for 'IicDynInit'
 int IicDynInit(u8 slaveAddress)
     ^
../src/iicTest.c:234:1: note: an argument type that has a default promotion can't match an empty parameter name list declaration
 {
 ^
../src/iicTest.c:212:11: note: previous implicit declaration of 'IicDynInit' was here
  Status = IicDynInit();
           ^
../src/iicTest.c: In function 'IicDynInit':
../src/iicTest.c:235:5: warning: unused variable 'Index' [-Wunused-variable]
  u8 Index;
     ^
make: *** [src/iicTest.o] Error 1
13:32:59 **** Auto Build of configuration Debug for project iicTest ****
make all 
Building file: ../src/iicTest.c
Invoking: MicroBlaze gcc compiler
mb-gcc -Wall -O0 -g3 -c -fmessage-length=0 -MT"src/iicTest.o" -I../../iicTest_bsp/microblaze_0/include -mlittle-endian -mcpu=v10.0 -mxl-soft-mul -Wl,--no-relax -MMD -MP -MF"src/iicTest.d" -MT"src/iicTest.o" -o "src/iicTest.o" "../src/iicTest.c"
../src/iicTest.c: In function 'main':
../src/iicTest.c:212:11: warning: implicit declaration of function 'IicDynInit' [-Wimplicit-function-declaration]
  Status = IicDynInit();
           ^
../src/iicTest.c: At top level:
../src/iicTest.c:233:5: error: conflicting types for 'IicDynInit'
 int IicDynInit(u8 slaveAddress)
     ^
../src/iicTest.c:234:1: note: an argument type that has a default promotion can't match an empty parameter name list declaration
 {
 ^
../src/iicTest.c:212:11: note: previous implicit declaration of 'IicDynInit' was here
  Status = IicDynInit();
           ^
make: *** [src/iicTest.o] Error 1
13:33:14 **** Auto Build of configuration Debug for project iicTest ****
make all 
Building file: ../src/iicTest.c
Invoking: MicroBlaze gcc compiler
mb-gcc -Wall -O0 -g3 -c -fmessage-length=0 -MT"src/iicTest.o" -I../../iicTest_bsp/microblaze_0/include -mlittle-endian -mcpu=v10.0 -mxl-soft-mul -Wl,--no-relax -MMD -MP -MF"src/iicTest.d" -MT"src/iicTest.o" -o "src/iicTest.o" "../src/iicTest.c"
../src/iicTest.c: In function 'main':
../src/iicTest.c:212:11: warning: implicit declaration of function 'IicDynInit' [-Wimplicit-function-declaration]
  Status = IicDynInit(0x69);
           ^
../src/iicTest.c: At top level:
../src/iicTest.c:233:5: error: conflicting types for 'IicDynInit'
 int IicDynInit(u8 slaveAddress)
     ^
../src/iicTest.c:234:1: note: an argument type that has a default promotion can't match an empty parameter name list declaration
 {
 ^
../src/iicTest.c:212:11: note: previous implicit declaration of 'IicDynInit' was here
  Status = IicDynInit(0x69);
           ^
make: *** [src/iicTest.o] Error 1
13:33:44 **** Auto Build of configuration Debug for project iicTest ****
make all 
Building file: ../src/iicTest.c
Invoking: MicroBlaze gcc compiler
mb-gcc -Wall -O0 -g3 -c -fmessage-length=0 -MT"src/iicTest.o" -I../../iicTest_bsp/microblaze_0/include -mlittle-endian -mcpu=v10.0 -mxl-soft-mul -Wl,--no-relax -MMD -MP -MF"src/iicTest.d" -MT"src/iicTest.o" -o "src/iicTest.o" "../src/iicTest.c"
Finished building: ../src/iicTest.c
 
Building target: iicTest.elf
Invoking: MicroBlaze gcc linker
mb-gcc -Wl,-T -Wl,../src/lscript.ld -L../../iicTest_bsp/microblaze_0/lib -mlittle-endian -mcpu=v10.0 -mxl-soft-mul -Wl,--no-relax -o "iicTest.elf"  ./src/iicTest.o ./src/platform.o   -Wl,--start-group,-lxil,-lgcc,-lc,--end-group
Finished building target: iicTest.elf
 
Invoking: MicroBlaze Print Size
mb-size iicTest.elf  |tee "iicTest.elf.size"
   text	   data	    bss	    dec	    hex	filename
  18644	    388	   3416	  22448	   57b0	iicTest.elf
Finished building: iicTest.elf.size
 
13:34:06 **** Auto Build of configuration Debug for project iicTest ****
make all 
Building file: ../src/iicTest.c
Invoking: MicroBlaze gcc compiler
mb-gcc -Wall -O0 -g3 -c -fmessage-length=0 -MT"src/iicTest.o" -I../../iicTest_bsp/microblaze_0/include -mlittle-endian -mcpu=v10.0 -mxl-soft-mul -Wl,--no-relax -MMD -MP -MF"src/iicTest.d" -MT"src/iicTest.o" -o "src/iicTest.o" "../src/iicTest.c"
Finished building: ../src/iicTest.c
 
Building target: iicTest.elf
Invoking: MicroBlaze gcc linker
mb-gcc -Wl,-T -Wl,../src/lscript.ld -L../../iicTest_bsp/microblaze_0/lib -mlittle-endian -mcpu=v10.0 -mxl-soft-mul -Wl,--no-relax -o "iicTest.elf"  ./src/iicTest.o ./src/platform.o   -Wl,--start-group,-lxil,-lgcc,-lc,--end-group
Finished building target: iicTest.elf
 
Invoking: MicroBlaze Print Size
mb-size iicTest.elf  |tee "iicTest.elf.size"
   text	   data	    bss	    dec	    hex	filename
  18644	    388	   3416	  22448	   57b0	iicTest.elf
Finished building: iicTest.elf.size
 
13:34:06 **** Incremental Build of configuration Debug for project iicTest ****
make all 
make: Nothing to be done for `all'.
13:34:39 **** Auto Build of configuration Debug for project iicTest ****
make all 
Building file: ../src/iicTest.c
Invoking: MicroBlaze gcc compiler
mb-gcc -Wall -O0 -g3 -c -fmessage-length=0 -MT"src/iicTest.o" -I../../iicTest_bsp/microblaze_0/include -mlittle-endian -mcpu=v10.0 -mxl-soft-mul -Wl,--no-relax -MMD -MP -MF"src/iicTest.d" -MT"src/iicTest.o" -o "src/iicTest.o" "../src/iicTest.c"
Finished building: ../src/iicTest.c
 
Building target: iicTest.elf
Invoking: MicroBlaze gcc linker
mb-gcc -Wl,-T -Wl,../src/lscript.ld -L../../iicTest_bsp/microblaze_0/lib -mlittle-endian -mcpu=v10.0 -mxl-soft-mul -Wl,--no-relax -o "iicTest.elf"  ./src/iicTest.o ./src/platform.o   -Wl,--start-group,-lxil,-lgcc,-lc,--end-group
./src/iicTest.o: In function `DynEepromReadData':
/home/ravi/vivado_projects/testMicroI2C_only/testMicroI2C_only.sdk/iicTest/Debug/../src/iicTest.c:407: undefined reference to `DynEepromWriteData'
collect2: error: ld returned 1 exit status
make: *** [iicTest.elf] Error 1
13:36:16 **** Auto Build of configuration Debug for project iicTest ****
make all 
Building file: ../src/iicTest.c
Invoking: MicroBlaze gcc compiler
mb-gcc -Wall -O0 -g3 -c -fmessage-length=0 -MT"src/iicTest.o" -I../../iicTest_bsp/microblaze_0/include -mlittle-endian -mcpu=v10.0 -mxl-soft-mul -Wl,--no-relax -MMD -MP -MF"src/iicTest.d" -MT"src/iicTest.o" -o "src/iicTest.o" "../src/iicTest.c"
Finished building: ../src/iicTest.c
 
Building target: iicTest.elf
Invoking: MicroBlaze gcc linker
mb-gcc -Wl,-T -Wl,../src/lscript.ld -L../../iicTest_bsp/microblaze_0/lib -mlittle-endian -mcpu=v10.0 -mxl-soft-mul -Wl,--no-relax -o "iicTest.elf"  ./src/iicTest.o ./src/platform.o   -Wl,--start-group,-lxil,-lgcc,-lc,--end-group
Finished building target: iicTest.elf
 
Invoking: MicroBlaze Print Size
mb-size iicTest.elf  |tee "iicTest.elf.size"
   text	   data	    bss	    dec	    hex	filename
  18644	    388	   3416	  22448	   57b0	iicTest.elf
Finished building: iicTest.elf.size
 
13:37:44 **** Auto Build of configuration Debug for project iicTest ****
make all 
Building file: ../src/iicTest.c
Invoking: MicroBlaze gcc compiler
mb-gcc -Wall -O0 -g3 -c -fmessage-length=0 -MT"src/iicTest.o" -I../../iicTest_bsp/microblaze_0/include -mlittle-endian -mcpu=v10.0 -mxl-soft-mul -Wl,--no-relax -MMD -MP -MF"src/iicTest.d" -MT"src/iicTest.o" -o "src/iicTest.o" "../src/iicTest.c"
../src/iicTest.c:395:43: error: expected declaration specifiers or '...' before numeric constant
 int DynReadData(u8 readReg,u8 *BufferPtr, 1)
                                           ^
make: *** [src/iicTest.o] Error 1
13:38:14 **** Auto Build of configuration Debug for project iicTest ****
make all 
Building file: ../src/iicTest.c
Invoking: MicroBlaze gcc compiler
mb-gcc -Wall -O0 -g3 -c -fmessage-length=0 -MT"src/iicTest.o" -I../../iicTest_bsp/microblaze_0/include -mlittle-endian -mcpu=v10.0 -mxl-soft-mul -Wl,--no-relax -MMD -MP -MF"src/iicTest.d" -MT"src/iicTest.o" -o "src/iicTest.o" "../src/iicTest.c"
Finished building: ../src/iicTest.c
 
Building target: iicTest.elf
Invoking: MicroBlaze gcc linker
mb-gcc -Wl,-T -Wl,../src/lscript.ld -L../../iicTest_bsp/microblaze_0/lib -mlittle-endian -mcpu=v10.0 -mxl-soft-mul -Wl,--no-relax -o "iicTest.elf"  ./src/iicTest.o ./src/platform.o   -Wl,--start-group,-lxil,-lgcc,-lc,--end-group
Finished building target: iicTest.elf
 
Invoking: MicroBlaze Print Size
mb-size iicTest.elf  |tee "iicTest.elf.size"
   text	   data	    bss	    dec	    hex	filename
  18644	    388	   3416	  22448	   57b0	iicTest.elf
Finished building: iicTest.elf.size
 
13:40:26 **** Auto Build of configuration Debug for project iicTest ****
make all 
Building file: ../src/iicTest.c
Invoking: MicroBlaze gcc compiler
mb-gcc -Wall -O0 -g3 -c -fmessage-length=0 -MT"src/iicTest.o" -I../../iicTest_bsp/microblaze_0/include -mlittle-endian -mcpu=v10.0 -mxl-soft-mul -Wl,--no-relax -MMD -MP -MF"src/iicTest.d" -MT"src/iicTest.o" -o "src/iicTest.o" "../src/iicTest.c"
../src/iicTest.c: In function 'main':
../src/iicTest.c:216:2: warning: implicit declaration of function 'DynWriteData' [-Wimplicit-function-declaration]
  DynWriteData(0x75,1);
  ^
../src/iicTest.c: At top level:
../src/iicTest.c:306:5: error: conflicting types for 'DynWriteData'
 int DynWriteData(u8 data)
     ^
../src/iicTest.c:307:1: note: an argument type that has a default promotion can't match an empty parameter name list declaration
 {
 ^
../src/iicTest.c:216:2: note: previous implicit declaration of 'DynWriteData' was here
  DynWriteData(0x75,1);
  ^
../src/iicTest.c: In function 'DynWriteData':
../src/iicTest.c:329:44: warning: passing argument 2 of 'XIic_DynMasterSend' makes pointer from integer without a cast [-Wint-conversion]
  Status = XIic_DynMasterSend(&IicInstance, data, 1);
                                            ^
In file included from ../src/iicTest.c:107:0:
../../iicTest_bsp/microblaze_0/include/xiic.h:560:5: note: expected 'u8 * {aka unsigned char *}' but argument is of type 'u8 {aka unsigned char}'
 int XIic_DynMasterSend(XIic *InstancePtr, u8 *TxMsgPtr, u8 ByteCount);
     ^
../src/iicTest.c:365:9: error: 'ByteCount' undeclared (first use in this function)
         ByteCount);
         ^
../src/iicTest.c:365:9: note: each undeclared identifier is reported only once for each function it appears in
make: *** [src/iicTest.o] Error 1
13:41:55 **** Auto Build of configuration Debug for project iicTest ****
make all 
Building file: ../src/iicTest.c
Invoking: MicroBlaze gcc compiler
mb-gcc -Wall -O0 -g3 -c -fmessage-length=0 -MT"src/iicTest.o" -I../../iicTest_bsp/microblaze_0/include -mlittle-endian -mcpu=v10.0 -mxl-soft-mul -Wl,--no-relax -MMD -MP -MF"src/iicTest.d" -MT"src/iicTest.o" -o "src/iicTest.o" "../src/iicTest.c"
../src/iicTest.c: In function 'main':
../src/iicTest.c:216:2: warning: implicit declaration of function 'DynWriteData' [-Wimplicit-function-declaration]
  DynWriteData(0x75,1);
  ^
../src/iicTest.c: At top level:
../src/iicTest.c:306:5: error: conflicting types for 'DynWriteData'
 int DynWriteData(u8 data)
     ^
../src/iicTest.c:307:1: note: an argument type that has a default promotion can't match an empty parameter name list declaration
 {
 ^
../src/iicTest.c:216:2: note: previous implicit declaration of 'DynWriteData' was here
  DynWriteData(0x75,1);
  ^
../src/iicTest.c: In function 'DynWriteData':
../src/iicTest.c:310:20: error: invalid initializer
  u8 WriteBuffer[1]=data;
                    ^
../src/iicTest.c:366:9: error: 'ByteCount' undeclared (first use in this function)
         ByteCount);
         ^
../src/iicTest.c:366:9: note: each undeclared identifier is reported only once for each function it appears in
make: *** [src/iicTest.o] Error 1
13:42:23 **** Auto Build of configuration Debug for project iicTest ****
make all 
Building file: ../src/iicTest.c
Invoking: MicroBlaze gcc compiler
mb-gcc -Wall -O0 -g3 -c -fmessage-length=0 -MT"src/iicTest.o" -I../../iicTest_bsp/microblaze_0/include -mlittle-endian -mcpu=v10.0 -mxl-soft-mul -Wl,--no-relax -MMD -MP -MF"src/iicTest.d" -MT"src/iicTest.o" -o "src/iicTest.o" "../src/iicTest.c"
../src/iicTest.c: In function 'main':
../src/iicTest.c:216:2: warning: implicit declaration of function 'DynWriteData' [-Wimplicit-function-declaration]
  DynWriteData(0x75,1);
  ^
../src/iicTest.c: At top level:
../src/iicTest.c:306:5: error: conflicting types for 'DynWriteData'
 int DynWriteData(u8 WriteBuffer)
     ^
../src/iicTest.c:307:1: note: an argument type that has a default promotion can't match an empty parameter name list declaration
 {
 ^
../src/iicTest.c:216:2: note: previous implicit declaration of 'DynWriteData' was here
  DynWriteData(0x75,1);
  ^
../src/iicTest.c: In function 'DynWriteData':
../src/iicTest.c:330:44: warning: passing argument 2 of 'XIic_DynMasterSend' makes pointer from integer without a cast [-Wint-conversion]
  Status = XIic_DynMasterSend(&IicInstance, WriteBuffer, 1);
                                            ^
In file included from ../src/iicTest.c:107:0:
../../iicTest_bsp/microblaze_0/include/xiic.h:560:5: note: expected 'u8 * {aka unsigned char *}' but argument is of type 'u8 {aka unsigned char}'
 int XIic_DynMasterSend(XIic *InstancePtr, u8 *TxMsgPtr, u8 ByteCount);
     ^
../src/iicTest.c:366:9: error: 'ByteCount' undeclared (first use in this function)
         ByteCount);
         ^
../src/iicTest.c:366:9: note: each undeclared identifier is reported only once for each function it appears in
../src/iicTest.c:365:9: warning: passing argument 2 of 'XIic_MasterSend' makes pointer from integer without a cast [-Wint-conversion]
         WriteBuffer,
         ^
In file included from ../src/iicTest.c:107:0:
../../iicTest_bsp/microblaze_0/include/xiic.h:554:5: note: expected 'u8 * {aka unsigned char *}' but argument is of type 'u8 {aka unsigned char}'
 int XIic_MasterSend(XIic *InstancePtr, u8 *TxMsgPtr, int ByteCount);
     ^
make: *** [src/iicTest.o] Error 1
13:42:46 **** Auto Build of configuration Debug for project iicTest ****
make all 
Building file: ../src/iicTest.c
Invoking: MicroBlaze gcc compiler
mb-gcc -Wall -O0 -g3 -c -fmessage-length=0 -MT"src/iicTest.o" -I../../iicTest_bsp/microblaze_0/include -mlittle-endian -mcpu=v10.0 -mxl-soft-mul -Wl,--no-relax -MMD -MP -MF"src/iicTest.d" -MT"src/iicTest.o" -o "src/iicTest.o" "../src/iicTest.c"
../src/iicTest.c: In function 'main':
../src/iicTest.c:216:2: warning: implicit declaration of function 'DynWriteData' [-Wimplicit-function-declaration]
  DynWriteData(1);
  ^
../src/iicTest.c: At top level:
../src/iicTest.c:306:5: error: conflicting types for 'DynWriteData'
 int DynWriteData(u16 ByteCount)
     ^
../src/iicTest.c:307:1: note: an argument type that has a default promotion can't match an empty parameter name list declaration
 {
 ^
../src/iicTest.c:216:2: note: previous implicit declaration of 'DynWriteData' was here
  DynWriteData(1);
  ^
make: *** [src/iicTest.o] Error 1
13:44:12 **** Auto Build of configuration Debug for project iicTest ****
make all 
Building file: ../src/iicTest.c
Invoking: MicroBlaze gcc compiler
mb-gcc -Wall -O0 -g3 -c -fmessage-length=0 -MT"src/iicTest.o" -I../../iicTest_bsp/microblaze_0/include -mlittle-endian -mcpu=v10.0 -mxl-soft-mul -Wl,--no-relax -MMD -MP -MF"src/iicTest.d" -MT"src/iicTest.o" -o "src/iicTest.o" "../src/iicTest.c"
Finished building: ../src/iicTest.c
 
Building target: iicTest.elf
Invoking: MicroBlaze gcc linker
mb-gcc -Wl,-T -Wl,../src/lscript.ld -L../../iicTest_bsp/microblaze_0/lib -mlittle-endian -mcpu=v10.0 -mxl-soft-mul -Wl,--no-relax -o "iicTest.elf"  ./src/iicTest.o ./src/platform.o   -Wl,--start-group,-lxil,-lgcc,-lc,--end-group
Finished building target: iicTest.elf
 
Invoking: MicroBlaze Print Size
mb-size iicTest.elf  |tee "iicTest.elf.size"
   text	   data	    bss	    dec	    hex	filename
  18644	    388	   3416	  22448	   57b0	iicTest.elf
Finished building: iicTest.elf.size
 
13:44:45 **** Auto Build of configuration Debug for project iicTest ****
make all 
Building file: ../src/iicTest.c
Invoking: MicroBlaze gcc compiler
mb-gcc -Wall -O0 -g3 -c -fmessage-length=0 -MT"src/iicTest.o" -I../../iicTest_bsp/microblaze_0/include -mlittle-endian -mcpu=v10.0 -mxl-soft-mul -Wl,--no-relax -MMD -MP -MF"src/iicTest.d" -MT"src/iicTest.o" -o "src/iicTest.o" "../src/iicTest.c"
Finished building: ../src/iicTest.c
 
Building target: iicTest.elf
Invoking: MicroBlaze gcc linker
mb-gcc -Wl,-T -Wl,../src/lscript.ld -L../../iicTest_bsp/microblaze_0/lib -mlittle-endian -mcpu=v10.0 -mxl-soft-mul -Wl,--no-relax -o "iicTest.elf"  ./src/iicTest.o ./src/platform.o   -Wl,--start-group,-lxil,-lgcc,-lc,--end-group
Finished building target: iicTest.elf
 
Invoking: MicroBlaze Print Size
mb-size iicTest.elf  |tee "iicTest.elf.size"
   text	   data	    bss	    dec	    hex	filename
  18644	    392	   3388	  22424	   5798	iicTest.elf
Finished building: iicTest.elf.size
 
13:45:36 **** Auto Build of configuration Debug for project iicTest ****
make all 
Building file: ../src/iicTest.c
Invoking: MicroBlaze gcc compiler
mb-gcc -Wall -O0 -g3 -c -fmessage-length=0 -MT"src/iicTest.o" -I../../iicTest_bsp/microblaze_0/include -mlittle-endian -mcpu=v10.0 -mxl-soft-mul -Wl,--no-relax -MMD -MP -MF"src/iicTest.d" -MT"src/iicTest.o" -o "src/iicTest.o" "../src/iicTest.c"
../src/iicTest.c: In function 'main':
../src/iicTest.c:216:9: warning: implicit declaration of function 'DynWriteData' [-Wimplicit-function-declaration]
  Status=DynWriteData(1);
         ^
../src/iicTest.c: At top level:
../src/iicTest.c:308:5: error: conflicting types for 'DynWriteData'
 int DynWriteData(u16 ByteCount)
     ^
../src/iicTest.c:309:1: note: an argument type that has a default promotion can't match an empty parameter name list declaration
 {
 ^
../src/iicTest.c:216:9: note: previous implicit declaration of 'DynWriteData' was here
  Status=DynWriteData(1);
         ^
make: *** [src/iicTest.o] Error 1
13:46:13 **** Auto Build of configuration Debug for project iicTest ****
make all 
Building file: ../src/iicTest.c
Invoking: MicroBlaze gcc compiler
mb-gcc -Wall -O0 -g3 -c -fmessage-length=0 -MT"src/iicTest.o" -I../../iicTest_bsp/microblaze_0/include -mlittle-endian -mcpu=v10.0 -mxl-soft-mul -Wl,--no-relax -MMD -MP -MF"src/iicTest.d" -MT"src/iicTest.o" -o "src/iicTest.o" "../src/iicTest.c"
Finished building: ../src/iicTest.c
 
Building target: iicTest.elf
Invoking: MicroBlaze gcc linker
mb-gcc -Wl,-T -Wl,../src/lscript.ld -L../../iicTest_bsp/microblaze_0/lib -mlittle-endian -mcpu=v10.0 -mxl-soft-mul -Wl,--no-relax -o "iicTest.elf"  ./src/iicTest.o ./src/platform.o   -Wl,--start-group,-lxil,-lgcc,-lc,--end-group
Finished building target: iicTest.elf
 
Invoking: MicroBlaze Print Size
mb-size iicTest.elf  |tee "iicTest.elf.size"
   text	   data	    bss	    dec	    hex	filename
  18676	    392	   3388	  22456	   57b8	iicTest.elf
Finished building: iicTest.elf.size
 
13:46:42 **** Incremental Build of configuration Debug for project iicTest ****
make all 
make: Nothing to be done for `all'.
13:47:12 **** Incremental Build of configuration Debug for project iicTest ****
make all 
make: Nothing to be done for `all'.
13:47:27 **** Incremental Build of configuration Debug for project iicTest ****
make all 
make: Nothing to be done for `all'.
13:47:41 **** Incremental Build of configuration Debug for project iicTest ****
make all 
make: Nothing to be done for `all'.
13:47:52 **** Incremental Build of configuration Debug for project iicTest ****
make all 
make: Nothing to be done for `all'.
13:48:14 **** Incremental Build of configuration Debug for project iicTest ****
make all 
make: Nothing to be done for `all'.
13:50:34 **** Auto Build of configuration Debug for project iicTest ****
make all 
Building file: ../src/iicTest.c
Invoking: MicroBlaze gcc compiler
mb-gcc -Wall -O0 -g3 -c -fmessage-length=0 -MT"src/iicTest.o" -I../../iicTest_bsp/microblaze_0/include -mlittle-endian -mcpu=v10.0 -mxl-soft-mul -Wl,--no-relax -MMD -MP -MF"src/iicTest.d" -MT"src/iicTest.o" -o "src/iicTest.o" "../src/iicTest.c"
../src/iicTest.c: In function 'main':
../src/iicTest.c:231:44: error: 'BufferPtr' undeclared (first use in this function)
  Status = XIic_DynMasterRecv(&IicInstance, BufferPtr, 1);
                                            ^
../src/iicTest.c:231:44: note: each undeclared identifier is reported only once for each function it appears in
make: *** [src/iicTest.o] Error 1
13:50:50 **** Auto Build of configuration Debug for project iicTest ****
make all 
Building file: ../src/iicTest.c
Invoking: MicroBlaze gcc compiler
[...]
          ^
In file included from ../src/pre_configure_mpu.c:12:0:
../src/pre_configure_mpu.c: At top level:
../src/i2cCustom.h:217:12: warning: 'SetupInterruptSystem' declared 'static' but never defined [-Wunused-function]
 static int SetupInterruptSystem(XIic *IicInstPtr);
            ^
../src/i2cCustom.h:218:13: warning: 'SendHandler' declared 'static' but never defined [-Wunused-function]
 static void SendHandler(XIic *InstancePtr);
             ^
../src/i2cCustom.h:219:13: warning: 'ReceiveHandler' declared 'static' but never defined [-Wunused-function]
 static void ReceiveHandler(XIic *InstancePtr);
             ^
../src/i2cCustom.h:220:13: warning: 'StatusHandler' declared 'static' but never defined [-Wunused-function]
 static void StatusHandler(XIic *InstancePtr, int Event);
             ^
Finished building: ../src/pre_configure_mpu.c
 
Building target: test_preconfigure_mpu.elf
Invoking: MicroBlaze gcc linker
mb-gcc -Wl,-T -Wl,../src/lscript.ld -L../../test_preconfigure_mpu_bsp/microblaze_0/lib -mlittle-endian -mcpu=v10.0 -mxl-soft-mul -Wl,--no-relax -o "test_preconfigure_mpu.elf"  ./src/i2cCustom.o ./src/pre_configure_mpu.o   -Wl,--start-group,-lxil,-lgcc,-lc,--end-group
Finished building target: test_preconfigure_mpu.elf
 
Invoking: MicroBlaze Print Size
mb-size test_preconfigure_mpu.elf  |tee "test_preconfigure_mpu.elf.size"
   text	   data	    bss	    dec	    hex	filename
  25424	    396	   3380	  29200	   7210	test_preconfigure_mpu.elf
Finished building: test_preconfigure_mpu.elf.size
 
11:56:50 **** Auto Build of configuration Debug for project test_preconfigure_mpu ****
make all 
Building file: ../src/pre_configure_mpu.c
Invoking: MicroBlaze gcc compiler
mb-gcc -Wall -O0 -g3 -c -fmessage-length=0 -MT"src/pre_configure_mpu.o" -I../../test_preconfigure_mpu_bsp/microblaze_0/include -mlittle-endian -mcpu=v10.0 -mxl-soft-mul -Wl,--no-relax -MMD -MP -MF"src/pre_configure_mpu.d" -MT"src/pre_configure_mpu.o" -o "src/pre_configure_mpu.o" "../src/pre_configure_mpu.c"
../src/pre_configure_mpu.c: In function 'main':
../src/pre_configure_mpu.c:61:6: warning: unused variable 'Start_Number' [-Wunused-variable]
  u16 Start_Number=0;
      ^
../src/pre_configure_mpu.c:60:28: warning: unused variable 'Start_Number_Low' [-Wunused-variable]
  u8 Appu,Start_Number_High,Start_Number_Low =0;  // variable to read back the values
                            ^
../src/pre_configure_mpu.c:60:10: warning: unused variable 'Start_Number_High' [-Wunused-variable]
  u8 Appu,Start_Number_High,Start_Number_Low =0;  // variable to read back the values
          ^
In file included from ../src/pre_configure_mpu.c:12:0:
../src/pre_configure_mpu.c: At top level:
../src/i2cCustom.h:217:12: warning: 'SetupInterruptSystem' declared 'static' but never defined [-Wunused-function]
 static int SetupInterruptSystem(XIic *IicInstPtr);
            ^
../src/i2cCustom.h:218:13: warning: 'SendHandler' declared 'static' but never defined [-Wunused-function]
 static void SendHandler(XIic *InstancePtr);
             ^
../src/i2cCustom.h:219:13: warning: 'ReceiveHandler' declared 'static' but never defined [-Wunused-function]
 static void ReceiveHandler(XIic *InstancePtr);
             ^
../src/i2cCustom.h:220:13: warning: 'StatusHandler' declared 'static' but never defined [-Wunused-function]
 static void StatusHandler(XIic *InstancePtr, int Event);
             ^
Finished building: ../src/pre_configure_mpu.c
 
Building target: test_preconfigure_mpu.elf
Invoking: MicroBlaze gcc linker
mb-gcc -Wl,-T -Wl,../src/lscript.ld -L../../test_preconfigure_mpu_bsp/microblaze_0/lib -mlittle-endian -mcpu=v10.0 -mxl-soft-mul -Wl,--no-relax -o "test_preconfigure_mpu.elf"  ./src/i2cCustom.o ./src/pre_configure_mpu.o   -Wl,--start-group,-lxil,-lgcc,-lc,--end-group
Finished building target: test_preconfigure_mpu.elf
 
Invoking: MicroBlaze Print Size
mb-size test_preconfigure_mpu.elf  |tee "test_preconfigure_mpu.elf.size"
   text	   data	    bss	    dec	    hex	filename
  25580	    396	   3384	  29360	   72b0	test_preconfigure_mpu.elf
Finished building: test_preconfigure_mpu.elf.size
 
11:57:32 **** Auto Build of configuration Debug for project test_preconfigure_mpu ****
make all 
Building file: ../src/pre_configure_mpu.c
Invoking: MicroBlaze gcc compiler
mb-gcc -Wall -O0 -g3 -c -fmessage-length=0 -MT"src/pre_configure_mpu.o" -I../../test_preconfigure_mpu_bsp/microblaze_0/include -mlittle-endian -mcpu=v10.0 -mxl-soft-mul -Wl,--no-relax -MMD -MP -MF"src/pre_configure_mpu.d" -MT"src/pre_configure_mpu.o" -o "src/pre_configure_mpu.o" "../src/pre_configure_mpu.c"
../src/pre_configure_mpu.c: In function 'main':
../src/pre_configure_mpu.c:64:6: warning: unused variable 'Start_Number' [-Wunused-variable]
  u16 Start_Number=0;
      ^
../src/pre_configure_mpu.c:63:28: warning: unused variable 'Start_Number_Low' [-Wunused-variable]
  u8 Appu,Start_Number_High,Start_Number_Low =0;  // variable to read back the values
                            ^
../src/pre_configure_mpu.c:63:10: warning: unused variable 'Start_Number_High' [-Wunused-variable]
  u8 Appu,Start_Number_High,Start_Number_Low =0;  // variable to read back the values
          ^
In file included from ../src/pre_configure_mpu.c:12:0:
../src/pre_configure_mpu.c: At top level:
../src/i2cCustom.h:217:12: warning: 'SetupInterruptSystem' declared 'static' but never defined [-Wunused-function]
 static int SetupInterruptSystem(XIic *IicInstPtr);
            ^
../src/i2cCustom.h:218:13: warning: 'SendHandler' declared 'static' but never defined [-Wunused-function]
 static void SendHandler(XIic *InstancePtr);
             ^
../src/i2cCustom.h:219:13: warning: 'ReceiveHandler' declared 'static' but never defined [-Wunused-function]
 static void ReceiveHandler(XIic *InstancePtr);
             ^
../src/i2cCustom.h:220:13: warning: 'StatusHandler' declared 'static' but never defined [-Wunused-function]
 static void StatusHandler(XIic *InstancePtr, int Event);
             ^
Finished building: ../src/pre_configure_mpu.c
 
Building target: test_preconfigure_mpu.elf
Invoking: MicroBlaze gcc linker
mb-gcc -Wl,-T -Wl,../src/lscript.ld -L../../test_preconfigure_mpu_bsp/microblaze_0/lib -mlittle-endian -mcpu=v10.0 -mxl-soft-mul -Wl,--no-relax -o "test_preconfigure_mpu.elf"  ./src/i2cCustom.o ./src/pre_configure_mpu.o   -Wl,--start-group,-lxil,-lgcc,-lc,--end-group
Finished building target: test_preconfigure_mpu.elf
 
Invoking: MicroBlaze Print Size
mb-size test_preconfigure_mpu.elf  |tee "test_preconfigure_mpu.elf.size"
   text	   data	    bss	    dec	    hex	filename
  25580	    396	   3384	  29360	   72b0	test_preconfigure_mpu.elf
Finished building: test_preconfigure_mpu.elf.size
 
11:58:20 **** Auto Build of configuration Debug for project test_preconfigure_mpu ****
make all 
Building file: ../src/pre_configure_mpu.c
Invoking: MicroBlaze gcc compiler
mb-gcc -Wall -O0 -g3 -c -fmessage-length=0 -MT"src/pre_configure_mpu.o" -I../../test_preconfigure_mpu_bsp/microblaze_0/include -mlittle-endian -mcpu=v10.0 -mxl-soft-mul -Wl,--no-relax -MMD -MP -MF"src/pre_configure_mpu.d" -MT"src/pre_configure_mpu.o" -o "src/pre_configure_mpu.o" "../src/pre_configure_mpu.c"
../src/pre_configure_mpu.c: In function 'main':
../src/pre_configure_mpu.c:64:6: warning: unused variable 'Start_Number' [-Wunused-variable]
  u16 Start_Number=0;
      ^
../src/pre_configure_mpu.c:63:28: warning: unused variable 'Start_Number_Low' [-Wunused-variable]
  u8 Appu,Start_Number_High,Start_Number_Low =0;  // variable to read back the values
                            ^
../src/pre_configure_mpu.c:63:10: warning: unused variable 'Start_Number_High' [-Wunused-variable]
  u8 Appu,Start_Number_High,Start_Number_Low =0;  // variable to read back the values
          ^
In file included from ../src/pre_configure_mpu.c:12:0:
../src/pre_configure_mpu.c: At top level:
../src/i2cCustom.h:217:12: warning: 'SetupInterruptSystem' declared 'static' but never defined [-Wunused-function]
 static int SetupInterruptSystem(XIic *IicInstPtr);
            ^
../src/i2cCustom.h:218:13: warning: 'SendHandler' declared 'static' but never defined [-Wunused-function]
 static void SendHandler(XIic *InstancePtr);
             ^
../src/i2cCustom.h:219:13: warning: 'ReceiveHandler' declared 'static' but never defined [-Wunused-function]
 static void ReceiveHandler(XIic *InstancePtr);
             ^
../src/i2cCustom.h:220:13: warning: 'StatusHandler' declared 'static' but never defined [-Wunused-function]
 static void StatusHandler(XIic *InstancePtr, int Event);
             ^
Finished building: ../src/pre_configure_mpu.c
 
Building target: test_preconfigure_mpu.elf
Invoking: MicroBlaze gcc linker
mb-gcc -Wl,-T -Wl,../src/lscript.ld -L../../test_preconfigure_mpu_bsp/microblaze_0/lib -mlittle-endian -mcpu=v10.0 -mxl-soft-mul -Wl,--no-relax -o "test_preconfigure_mpu.elf"  ./src/i2cCustom.o ./src/pre_configure_mpu.o   -Wl,--start-group,-lxil,-lgcc,-lc,--end-group
Finished building target: test_preconfigure_mpu.elf
 
Invoking: MicroBlaze Print Size
mb-size test_preconfigure_mpu.elf  |tee "test_preconfigure_mpu.elf.size"
   text	   data	    bss	    dec	    hex	filename
  25736	    396	   3380	  29512	   7348	test_preconfigure_mpu.elf
Finished building: test_preconfigure_mpu.elf.size
 
11:58:27 **** Incremental Build of configuration Debug for project test_preconfigure_mpu ****
make all 
make: Nothing to be done for `all'.
12:04:38 **** Auto Build of configuration Debug for project test_preconfigure_mpu ****
make all 
Building file: ../src/pre_configure_mpu.c
Invoking: MicroBlaze gcc compiler
mb-gcc -Wall -O0 -g3 -c -fmessage-length=0 -MT"src/pre_configure_mpu.o" -I../../test_preconfigure_mpu_bsp/microblaze_0/include -mlittle-endian -mcpu=v10.0 -mxl-soft-mul -Wl,--no-relax -MMD -MP -MF"src/pre_configure_mpu.d" -MT"src/pre_configure_mpu.o" -o "src/pre_configure_mpu.o" "../src/pre_configure_mpu.c"
In file included from ../src/pre_configure_mpu.c:12:0:
../src/i2cCustom.h:217:12: warning: 'SetupInterruptSystem' declared 'static' but never defined [-Wunused-function]
 static int SetupInterruptSystem(XIic *IicInstPtr);
            ^
../src/i2cCustom.h:218:13: warning: 'SendHandler' declared 'static' but never defined [-Wunused-function]
 static void SendHandler(XIic *InstancePtr);
             ^
../src/i2cCustom.h:219:13: warning: 'ReceiveHandler' declared 'static' but never defined [-Wunused-function]
 static void ReceiveHandler(XIic *InstancePtr);
             ^
../src/i2cCustom.h:220:13: warning: 'StatusHandler' declared 'static' but never defined [-Wunused-function]
 static void StatusHandler(XIic *InstancePtr, int Event);
             ^
Finished building: ../src/pre_configure_mpu.c
 
Building target: test_preconfigure_mpu.elf
Invoking: MicroBlaze gcc linker
mb-gcc -Wl,-T -Wl,../src/lscript.ld -L../../test_preconfigure_mpu_bsp/microblaze_0/lib -mlittle-endian -mcpu=v10.0 -mxl-soft-mul -Wl,--no-relax -o "test_preconfigure_mpu.elf"  ./src/i2cCustom.o ./src/pre_configure_mpu.o   -Wl,--start-group,-lxil,-lgcc,-lc,--end-group
Finished building target: test_preconfigure_mpu.elf
 
Invoking: MicroBlaze Print Size
mb-size test_preconfigure_mpu.elf  |tee "test_preconfigure_mpu.elf.size"
   text	   data	    bss	    dec	    hex	filename
  25728	    396	   3380	  29504	   7340	test_preconfigure_mpu.elf
Finished building: test_preconfigure_mpu.elf.size
 
12:04:46 **** Incremental Build of configuration Debug for project test_preconfigure_mpu ****
make all 
make: Nothing to be done for `all'.
12:06:23 **** Incremental Build of configuration Debug for project test_preconfigure_mpu ****
make all 
make: Nothing to be done for `all'.
12:07:04 **** Incremental Build of configuration Debug for project test_preconfigure_mpu ****
make all 
make: Nothing to be done for `all'.
12:07:50 **** Incremental Build of configuration Debug for project test_preconfigure_mpu ****
make all 
make: Nothing to be done for `all'.
12:08:30 **** Incremental Build of configuration Debug for project test_preconfigure_mpu ****
make all 
make: Nothing to be done for `all'.
12:08:55 **** Incremental Build of configuration Debug for project test_preconfigure_mpu ****
make all 
make: Nothing to be done for `all'.
12:09:46 **** Incremental Build of configuration Debug for project test_preconfigure_mpu ****
make all 
make: Nothing to be done for `all'.
12:10:03 **** Auto Build of configuration Debug for project test_preconfigure_mpu ****
make all 
Building file: ../src/pre_configure_mpu.c
Invoking: MicroBlaze gcc compiler
mb-gcc -Wall -O0 -g3 -c -fmessage-length=0 -MT"src/pre_configure_mpu.o" -I../../test_preconfigure_mpu_bsp/microblaze_0/include -mlittle-endian -mcpu=v10.0 -mxl-soft-mul -Wl,--no-relax -MMD -MP -MF"src/pre_configure_mpu.d" -MT"src/pre_configure_mpu.o" -o "src/pre_configure_mpu.o" "../src/pre_configure_mpu.c"
In file included from ../src/pre_configure_mpu.c:12:0:
../src/i2cCustom.h:217:12: warning: 'SetupInterruptSystem' declared 'static' but never defined [-Wunused-function]
 static int SetupInterruptSystem(XIic *IicInstPtr);
            ^
../src/i2cCustom.h:218:13: warning: 'SendHandler' declared 'static' but never defined [-Wunused-function]
 static void SendHandler(XIic *InstancePtr);
             ^
../src/i2cCustom.h:219:13: warning: 'ReceiveHandler' declared 'static' but never defined [-Wunused-function]
 static void ReceiveHandler(XIic *InstancePtr);
             ^
../src/i2cCustom.h:220:13: warning: 'StatusHandler' declared 'static' but never defined [-Wunused-function]
 static void StatusHandler(XIic *InstancePtr, int Event);
             ^
Finished building: ../src/pre_configure_mpu.c
 
Building target: test_preconfigure_mpu.elf
Invoking: MicroBlaze gcc linker
mb-gcc -Wl,-T -Wl,../src/lscript.ld -L../../test_preconfigure_mpu_bsp/microblaze_0/lib -mlittle-endian -mcpu=v10.0 -mxl-soft-mul -Wl,--no-relax -o "test_preconfigure_mpu.elf"  ./src/i2cCustom.o ./src/pre_configure_mpu.o   -Wl,--start-group,-lxil,-lgcc,-lc,--end-group
Finished building target: test_preconfigure_mpu.elf
 
Invoking: MicroBlaze Print Size
mb-size test_preconfigure_mpu.elf  |tee "test_preconfigure_mpu.elf.size"
   text	   data	    bss	    dec	    hex	filename
  25748	    396	   3384	  29528	   7358	test_preconfigure_mpu.elf
Finished building: test_preconfigure_mpu.elf.size
 
12:10:12 **** Incremental Build of configuration Debug for project test_preconfigure_mpu ****
make all 
make: Nothing to be done for `all'.
12:10:41 **** Incremental Build of configuration Debug for project test_preconfigure_mpu ****
make all 
make: Nothing to be done for `all'.
12:11:59 **** Incremental Build of configuration Debug for project test_preconfigure_mpu ****
make all 
make: Nothing to be done for `all'.
12:14:23 **** Incremental Build of configuration Debug for project test_preconfigure_mpu ****
make all 
make: Nothing to be done for `all'.
12:15:48 **** Incremental Build of configuration Debug for project test_preconfigure_mpu ****
make all 
make: Nothing to be done for `all'.
12:16:11 **** Auto Build of configuration Debug for project test_preconfigure_mpu ****
make all 
Building file: ../src/pre_configure_mpu.c
Invoking: MicroBlaze gcc compiler
mb-gcc -Wall -O0 -g3 -c -fmessage-length=0 -MT"src/pre_configure_mpu.o" -I../../test_preconfigure_mpu_bsp/microblaze_0/include -mlittle-endian -mcpu=v10.0 -mxl-soft-mul -Wl,--no-relax -MMD -MP -MF"src/pre_configure_mpu.d" -MT"src/pre_configure_mpu.o" -o "src/pre_configure_mpu.o" "../src/pre_configure_mpu.c"
../src/pre_configure_mpu.c: In function 'main':
../src/pre_configure_mpu.c:72:18: error: 'Appu' undeclared (first use in this function)
  xil_printf("%d",Appu);
                  ^
../src/pre_configure_mpu.c:72:18: note: each undeclared identifier is reported only once for each function it appears in
In file included from ../src/pre_configure_mpu.c:12:0:
../src/pre_configure_mpu.c: At top level:
../src/i2cCustom.h:217:12: warning: 'SetupInterruptSystem' declared 'static' but never defined [-Wunused-function]
 static int SetupInterruptSystem(XIic *IicInstPtr);
            ^
../src/i2cCustom.h:218:13: warning: 'SendHandler' declared 'static' but never defined [-Wunused-function]
 static void SendHandler(XIic *InstancePtr);
             ^
../src/i2cCustom.h:219:13: warning: 'ReceiveHandler' declared 'static' but never defined [-Wunused-function]
 static void ReceiveHandler(XIic *InstancePtr);
             ^
../src/i2cCustom.h:220:13: warning: 'StatusHandler' declared 'static' but never defined [-Wunused-function]
 static void StatusHandler(XIic *InstancePtr, int Event);
             ^
make: *** [src/pre_configure_mpu.o] Error 1
12:16:17 **** Auto Build of configuration Debug for project test_preconfigure_mpu ****
make all 
Building file: ../src/pre_configure_mpu.c
Invoking: MicroBlaze gcc compiler
mb-gcc -Wall -O0 -g3 -c -fmessage-length=0 -MT"src/pre_configure_mpu.o" -I../../test_preconfigure_mpu_bsp/microblaze_0/include -mlittle-endian -mcpu=v10.0 -mxl-soft-mul -Wl,--no-relax -MMD -MP -MF"src/pre_configure_mpu.d" -MT"src/pre_configure_mpu.o" -o "src/pre_configure_mpu.o" "../src/pre_configure_mpu.c"
In file included from ../src/pre_configure_mpu.c:12:0:
../src/i2cCustom.h:217:12: warning: 'SetupInterruptSystem' declared 'static' but never defined [-Wunused-function]
 static int SetupInterruptSystem(XIic *IicInstPtr);
            ^
../src/i2cCustom.h:218:13: warning: 'SendHandler' declared 'static' but never defined [-Wunused-function]
 static void SendHandler(XIic *InstancePtr);
             ^
../src/i2cCustom.h:219:13: warning: 'ReceiveHandler' declared 'static' but never defined [-Wunused-function]
 static void ReceiveHandler(XIic *InstancePtr);
             ^
../src/i2cCustom.h:220:13: warning: 'StatusHandler' declared 'static' but never defined [-Wunused-function]
 static void StatusHandler(XIic *InstancePtr, int Event);
             ^
Finished building: ../src/pre_configure_mpu.c
 
Building target: test_preconfigure_mpu.elf
Invoking: MicroBlaze gcc linker
mb-gcc -Wl,-T -Wl,../src/lscript.ld -L../../test_preconfigure_mpu_bsp/microblaze_0/lib -mlittle-endian -mcpu=v10.0 -mxl-soft-mul -Wl,--no-relax -o "test_preconfigure_mpu.elf"  ./src/i2cCustom.o ./src/pre_configure_mpu.o   -Wl,--start-group,-lxil,-lgcc,-lc,--end-group
Finished building target: test_preconfigure_mpu.elf
 
Invoking: MicroBlaze Print Size
mb-size test_preconfigure_mpu.elf  |tee "test_preconfigure_mpu.elf.size"
   text	   data	    bss	    dec	    hex	filename
  25700	    396	   3384	  29480	   7328	test_preconfigure_mpu.elf
Finished building: test_preconfigure_mpu.elf.size
 
12:16:19 **** Incremental Build of configuration Debug for project test_preconfigure_mpu ****
make all 
make: Nothing to be done for `all'.
12:17:40 **** Incremental Build of configuration Debug for project test_preconfigure_mpu ****
make all 
make: Nothing to be done for `all'.
12:18:03 **** Incremental Build of configuration Debug for project test_preconfigure_mpu ****
make all 
make: Nothing to be done for `all'.
12:18:32 **** Incremental Build of configuration Debug for project test_preconfigure_mpu ****
make all 
make: Nothing to be done for `all'.
12:20:36 **** Incremental Build of configuration Debug for project test_preconfigure_mpu ****
make all 
make: Nothing to be done for `all'.
12:30:16 **** Incremental Build of configuration Debug for project test_preconfigure_mpu ****
make all 
make: Nothing to be done for `all'.
12:30:42 **** Incremental Build of configuration Debug for project test_preconfigure_mpu ****
make all 
make: Nothing to be done for `all'.
12:31:40 **** Incremental Build of configuration Debug for project test_preconfigure_mpu ****
make all 
make: Nothing to be done for `all'.
12:32:00 **** Incremental Build of configuration Debug for project test_preconfigure_mpu ****
make all 
make: Nothing to be done for `all'.
12:32:29 **** Incremental Build of configuration Debug for project test_preconfigure_mpu ****
make all 
make: Nothing to be done for `all'.
